Archive member included to satisfy reference by file (symbol)

c:/program files (x86)/atmel/studio/7.0/toolchain/arm/arm-gnu-toolchain/bin/../lib/gcc/arm-none-eabi/6.2.1/thumb/v6-m\libgcc.a(_udivsi3.o)
                              src/ASF/sam0/drivers/system/clock/clock_samd21_r21_da_ha1/clock.o (__aeabi_uidiv)
c:/program files (x86)/atmel/studio/7.0/toolchain/arm/arm-gnu-toolchain/bin/../lib/gcc/arm-none-eabi/6.2.1/thumb/v6-m\libgcc.a(_dvmd_tls.o)
                              c:/program files (x86)/atmel/studio/7.0/toolchain/arm/arm-gnu-toolchain/bin/../lib/gcc/arm-none-eabi/6.2.1/thumb/v6-m\libgcc.a(_udivsi3.o) (__aeabi_idiv0)
c:/program files (x86)/atmel/studio/7.0/toolchain/arm/arm-gnu-toolchain/bin/../lib/gcc/arm-none-eabi/6.2.1/thumb/v6-m\libgcc.a(_arm_cmpsf2.o)
                              src/my_drivers.o (__aeabi_fcmpgt)
c:/program files (x86)/atmel/studio/7.0/toolchain/arm/arm-gnu-toolchain/bin/../lib/gcc/arm-none-eabi/6.2.1/thumb/v6-m\libgcc.a(_muldi3.o)
                              src/ASF/sam0/drivers/sercom/sercom.o (__aeabi_lmul)
c:/program files (x86)/atmel/studio/7.0/toolchain/arm/arm-gnu-toolchain/bin/../lib/gcc/arm-none-eabi/6.2.1/thumb/v6-m\libgcc.a(_fixunssfsi.o)
                              src/my_drivers.o (__aeabi_f2uiz)
c:/program files (x86)/atmel/studio/7.0/toolchain/arm/arm-gnu-toolchain/bin/../lib/gcc/arm-none-eabi/6.2.1/thumb/v6-m\libgcc.a(addsf3.o)
                              src/my_drivers.o (__aeabi_fadd)
c:/program files (x86)/atmel/studio/7.0/toolchain/arm/arm-gnu-toolchain/bin/../lib/gcc/arm-none-eabi/6.2.1/thumb/v6-m\libgcc.a(divsf3.o)
                              src/my_drivers.o (__aeabi_fdiv)
c:/program files (x86)/atmel/studio/7.0/toolchain/arm/arm-gnu-toolchain/bin/../lib/gcc/arm-none-eabi/6.2.1/thumb/v6-m\libgcc.a(eqsf2.o)
                              c:/program files (x86)/atmel/studio/7.0/toolchain/arm/arm-gnu-toolchain/bin/../lib/gcc/arm-none-eabi/6.2.1/thumb/v6-m\libgcc.a(_arm_cmpsf2.o) (__eqsf2)
c:/program files (x86)/atmel/studio/7.0/toolchain/arm/arm-gnu-toolchain/bin/../lib/gcc/arm-none-eabi/6.2.1/thumb/v6-m\libgcc.a(gesf2.o)
                              c:/program files (x86)/atmel/studio/7.0/toolchain/arm/arm-gnu-toolchain/bin/../lib/gcc/arm-none-eabi/6.2.1/thumb/v6-m\libgcc.a(_arm_cmpsf2.o) (__gesf2)
c:/program files (x86)/atmel/studio/7.0/toolchain/arm/arm-gnu-toolchain/bin/../lib/gcc/arm-none-eabi/6.2.1/thumb/v6-m\libgcc.a(lesf2.o)
                              c:/program files (x86)/atmel/studio/7.0/toolchain/arm/arm-gnu-toolchain/bin/../lib/gcc/arm-none-eabi/6.2.1/thumb/v6-m\libgcc.a(_arm_cmpsf2.o) (__lesf2)
c:/program files (x86)/atmel/studio/7.0/toolchain/arm/arm-gnu-toolchain/bin/../lib/gcc/arm-none-eabi/6.2.1/thumb/v6-m\libgcc.a(mulsf3.o)
                              src/my_drivers.o (__aeabi_fmul)
c:/program files (x86)/atmel/studio/7.0/toolchain/arm/arm-gnu-toolchain/bin/../lib/gcc/arm-none-eabi/6.2.1/thumb/v6-m\libgcc.a(subsf3.o)
                              c:/program files (x86)/atmel/studio/7.0/toolchain/arm/arm-gnu-toolchain/bin/../lib/gcc/arm-none-eabi/6.2.1/thumb/v6-m\libgcc.a(_fixunssfsi.o) (__aeabi_fsub)
c:/program files (x86)/atmel/studio/7.0/toolchain/arm/arm-gnu-toolchain/bin/../lib/gcc/arm-none-eabi/6.2.1/thumb/v6-m\libgcc.a(fixsfsi.o)
                              c:/program files (x86)/atmel/studio/7.0/toolchain/arm/arm-gnu-toolchain/bin/../lib/gcc/arm-none-eabi/6.2.1/thumb/v6-m\libgcc.a(_fixunssfsi.o) (__aeabi_f2iz)
c:/program files (x86)/atmel/studio/7.0/toolchain/arm/arm-gnu-toolchain/bin/../lib/gcc/arm-none-eabi/6.2.1/thumb/v6-m\libgcc.a(floatunsisf.o)
                              src/my_drivers.o (__aeabi_ui2f)
c:/program files (x86)/atmel/studio/7.0/toolchain/arm/arm-gnu-toolchain/bin/../lib/gcc/arm-none-eabi/6.2.1/thumb/v6-m\libgcc.a(divdf3.o)
                              src/my_drivers.o (__aeabi_ddiv)
c:/program files (x86)/atmel/studio/7.0/toolchain/arm/arm-gnu-toolchain/bin/../lib/gcc/arm-none-eabi/6.2.1/thumb/v6-m\libgcc.a(muldf3.o)
                              src/my_drivers.o (__aeabi_dmul)
c:/program files (x86)/atmel/studio/7.0/toolchain/arm/arm-gnu-toolchain/bin/../lib/gcc/arm-none-eabi/6.2.1/thumb/v6-m\libgcc.a(floatsidf.o)
                              src/my_drivers.o (__aeabi_i2d)
c:/program files (x86)/atmel/studio/7.0/toolchain/arm/arm-gnu-toolchain/bin/../lib/gcc/arm-none-eabi/6.2.1/thumb/v6-m\libgcc.a(truncdfsf2.o)
                              src/my_drivers.o (__aeabi_d2f)
c:/program files (x86)/atmel/studio/7.0/toolchain/arm/arm-gnu-toolchain/bin/../lib/gcc/arm-none-eabi/6.2.1/thumb/v6-m\libgcc.a(_clzsi2.o)
                              c:/program files (x86)/atmel/studio/7.0/toolchain/arm/arm-gnu-toolchain/bin/../lib/gcc/arm-none-eabi/6.2.1/thumb/v6-m\libgcc.a(addsf3.o) (__clzsi2)
c:/program files (x86)/atmel/studio/7.0/toolchain/arm/arm-gnu-toolchain/bin/../lib/gcc/arm-none-eabi/6.2.1/../../../../arm-none-eabi/lib/thumb/v6-m\libc_nano.a(lib_a-exit.o)
[...]
Memory Configuration

Name             Origin             Length             Attributes
rom              0x00000000         0x00040000         xr
ram              0x20000000         0x00008000         xrw
*default*        0x00000000         0xffffffff

Linker script and memory map

LOAD c:/program files (x86)/atmel/studio/7.0/toolchain/arm/arm-gnu-toolchain/bin/../lib/gcc/arm-none-eabi/6.2.1/thumb/v6-m/crti.o
LOAD c:/program files (x86)/atmel/studio/7.0/toolchain/arm/arm-gnu-toolchain/bin/../lib/gcc/arm-none-eabi/6.2.1/thumb/v6-m/crtbegin.o
LOAD c:/program files (x86)/atmel/studio/7.0/toolchain/arm/arm-gnu-toolchain/bin/../lib/gcc/arm-none-eabi/6.2.1/../../../../arm-none-eabi/lib/thumb/v6-m/crt0.o
LOAD src/ASF/sam0/drivers/sercom/sercom.o
LOAD src/ASF/sam0/utils/stdio/read.o
LOAD src/ASF/sam0/utils/stdio/write.o
LOAD src/my_drivers.o
LOAD src/ASF/sam0/drivers/sercom/usart/usart.o
LOAD src/ASF/sam0/drivers/sercom/usart/usart_interrupt.o
LOAD src/ASF/sam0/drivers/sercom/sercom_interrupt.o
LOAD src/ASF/common/utils/interrupt/interrupt_sam_nvic.o
LOAD src/ASF/sam0/boards/samr21_xplained_pro/board_init.o
LOAD src/ASF/sam0/drivers/port/port.o
LOAD src/ASF/sam0/drivers/system/clock/clock_samd21_r21_da_ha1/clock.o
LOAD src/ASF/sam0/drivers/system/clock/clock_samd21_r21_da_ha1/gclk.o
LOAD src/ASF/sam0/drivers/system/interrupt/system_interrupt.o
LOAD src/ASF/sam0/drivers/system/pinmux/pinmux.o
LOAD src/ASF/sam0/drivers/system/system.o
LOAD src/ASF/sam0/utils/cmsis/samr21/source/gcc/startup_samr21.o
LOAD src/ASF/sam0/utils/cmsis/samr21/source/system_samr21.o
LOAD src/ASF/sam0/utils/syscalls/gcc/syscalls.o
LOAD src/main.o
START GROUP
LOAD ../src/ASF/thirdparty/CMSIS/Lib/GCC\libarm_cortexM0l_math.a
LOAD c:/program files (x86)/atmel/studio/7.0/toolchain/arm/arm-gnu-toolchain/bin/../lib/gcc/arm-none-eabi/6.2.1/../../../../arm-none-eabi/lib/thumb/v6-m\libm.a
END GROUP
START GROUP
LOAD c:/program files (x86)/atmel/studio/7.0/toolchain/arm/arm-gnu-toolchain/bin/../lib/gcc/arm-none-eabi/6.2.1/thumb/v6-m\libgcc.a
LOAD c:/program files (x86)/atmel/studio/7.0/toolchain/arm/arm-gnu-toolchain/bin/../lib/gcc/arm-none-eabi/6.2.1/../../../../arm-none-eabi/lib/thumb/v6-m\libc_nano.a
END GROUP
START GROUP
LOAD c:/program files (x86)/atmel/studio/7.0/toolchain/arm/arm-gnu-toolchain/bin/../lib/gcc/arm-none-eabi/6.2.1/thumb/v6-m\libgcc.a
LOAD c:/program files (x86)/atmel/studio/7.0/toolchain/arm/arm-gnu-toolchain/bin/../lib/gcc/arm-none-eabi/6.2.1/../../../../arm-none-eabi/lib/thumb/v6-m\libc_nano.a
END GROUP
LOAD c:/program files (x86)/atmel/studio/7.0/toolchain/arm/arm-gnu-toolchain/bin/../lib/gcc/arm-none-eabi/6.2.1/thumb/v6-m/crtend.o
LOAD c:/program files (x86)/atmel/studio/7.0/toolchain/arm/arm-gnu-toolchain/bin/../lib/gcc/arm-none-eabi/6.2.1/thumb/v6-m/crtn.o
                0x00002000                STACK_SIZE = DEFINED (STACK_SIZE)?STACK_SIZE:DEFINED (__stack_size__)?__stack_size__:0x2000

.text           0x00000000     0x3ea4
                0x00000000                . = ALIGN (0x4)
                0x00000000                _sfixed = .
 *(.vectors .vectors.*)
 .vectors       0x00000000       0xb4 src/ASF/sam0/utils/cmsis/samr21/source/gcc/startup_samr21.o
                0x00000000                exception_table
 *(.text .text.* .gnu.linkonce.t.*)
 .text          0x000000b4       0x60 c:/program files (x86)/atmel/studio/7.0/toolchain/arm/arm-gnu-toolchain/bin/../lib/gcc/arm-none-eabi/6.2.1/thumb/v6-m/crtbegin.o
 .text.long_division
                0x00000114       0xba src/ASF/sam0/drivers/sercom/sercom.o
 .text._sercom_get_sync_baud_val
                0x000001ce       0x28 src/ASF/sam0/drivers/sercom/sercom.o
                0x000001ce                _sercom_get_sync_baud_val
 *fill*         0x000001f6        0x2 
 .text._sercom_get_async_baud_val
                0x000001f8       0x94 src/ASF/sam0/drivers/sercom/sercom.o
                0x000001f8                _sercom_get_async_baud_val
 .text.sercom_set_gclk_generator
                0x0000028c       0x4c src/ASF/sam0/drivers/sercom/sercom.o
                0x0000028c                sercom_set_gclk_generator
 .text._sercom_get_default_pad
                0x000002d8      0x178 src/ASF/sam0/drivers/sercom/sercom.o
                0x000002d8                _sercom_get_default_pad
 .text._sercom_get_sercom_inst_index
                0x00000450       0x38 src/ASF/sam0/drivers/sercom/sercom.o
                0x00000450                _sercom_get_sercom_inst_index
 .text._read    0x00000488       0x44 src/ASF/sam0/utils/stdio/read.o
                0x00000488                _read
 .text._write   0x000004cc       0x50 src/ASF/sam0/utils/stdio/write.o
                0x000004cc                _write
 .text.getCircunferencia
                0x0000051c       0x4c src/my_drivers.o
                0x0000051c                getCircunferencia
 .text.init_ciclo
                0x00000568       0x12 src/my_drivers.o
                0x00000568                init_ciclo
 *fill*         0x0000057a        0x2 
 .text.sendValues
                0x0000057c       0x6c src/my_drivers.o
                0x0000057c                sendValues
 .text.usart_init
                0x000005e8      0x344 src/ASF/sam0/drivers/sercom/usart/usart.o
                0x000005e8                usart_init
 .text.usart_write_wait
                0x0000092c       0x2c src/ASF/sam0/drivers/sercom/usart/usart.o
                0x0000092c                usart_write_wait
 .text.usart_read_wait
                0x00000958       0x70 src/ASF/sam0/drivers/sercom/usart/usart.o
                0x00000958                usart_read_wait
 .text._usart_interrupt_handler
                0x000009c8      0x194 src/ASF/sam0/drivers/sercom/usart/usart_interrupt.o
                0x000009c8                _usart_interrupt_handler
 .text._sercom_default_handler
                0x00000b5c        0x2 src/ASF/sam0/drivers/sercom/sercom_interrupt.o
 *fill*         0x00000b5e        0x2 
 .text._sercom_set_handler
                0x00000b60       0x3c src/ASF/sam0/drivers/sercom/sercom_interrupt.o
                0x00000b60                _sercom_set_handler
 .text._sercom_get_interrupt_vector
                0x00000b9c       0x30 src/ASF/sam0/drivers/sercom/sercom_interrupt.o
                0x00000b9c                _sercom_get_interrupt_vector
 .text.SERCOM0_Handler
                0x00000bcc       0x10 src/ASF/sam0/drivers/sercom/sercom_interrupt.o
                0x00000bcc                SERCOM0_Handler
 .text.SERCOM1_Handler
                0x00000bdc       0x10 src/ASF/sam0/drivers/sercom/sercom_interrupt.o
                0x00000bdc                SERCOM1_Handler
 .text.SERCOM2_Handler
                0x00000bec       0x10 src/ASF/sam0/drivers/sercom/sercom_interrupt.o
                0x00000bec                SERCOM2_Handler
 .text.SERCOM3_Handler
                0x00000bfc       0x10 src/ASF/sam0/drivers/sercom/sercom_interrupt.o
                0x00000bfc                SERCOM3_Handler
 .text.SERCOM4_Handler
                0x00000c0c       0x10 src/ASF/sam0/drivers/sercom/sercom_interrupt.o
                0x00000c0c                SERCOM4_Handler
 .text.SERCOM5_Handler
                0x00000c1c       0x10 src/ASF/sam0/drivers/sercom/sercom_interrupt.o
                0x00000c1c                SERCOM5_Handler
 .text.cpu_irq_enter_critical
                0x00000c2c       0x40 src/ASF/common/utils/interrupt/interrupt_sam_nvic.o
                0x00000c2c                cpu_irq_enter_critical
 .text.cpu_irq_leave_critical
                0x00000c6c       0x30 src/ASF/common/utils/interrupt/interrupt_sam_nvic.o
                0x00000c6c                cpu_irq_leave_critical
 .text.system_board_init
                0x00000c9c       0x38 src/ASF/sam0/boards/samr21_xplained_pro/board_init.o
                0x00000c9c                board_init
                0x00000c9c                system_board_init
 .text.port_pin_set_config
                0x00000cd4       0x24 src/ASF/sam0/drivers/port/port.o
                0x00000cd4                port_pin_set_config
 .text.system_clock_source_get_hz
                0x00000cf8       0x90 src/ASF/sam0/drivers/system/clock/clock_samd21_r21_da_ha1/clock.o
                0x00000cf8                system_clock_source_get_hz
 .text.system_clock_source_osc8m_set_config
                0x00000d88       0x3c src/ASF/sam0/drivers/system/clock/clock_samd21_r21_da_ha1/clock.o
                0x00000d88                system_clock_source_osc8m_set_config
 .text.system_clock_source_enable
                0x00000dc4       0xa8 src/ASF/sam0/drivers/system/clock/clock_samd21_r21_da_ha1/clock.o
                0x00000dc4                system_clock_source_enable
 .text.system_clock_init
                0x00000e6c       0x98 src/ASF/sam0/drivers/system/clock/clock_samd21_r21_da_ha1/clock.o
                0x00000e6c                system_clock_init
 .text.system_gclk_init
                0x00000f04       0x24 src/ASF/sam0/drivers/system/clock/clock_samd21_r21_da_ha1/gclk.o
                0x00000f04                system_gclk_init
 .text.system_gclk_gen_set_config
                0x00000f28       0xb8 src/ASF/sam0/drivers/system/clock/clock_samd21_r21_da_ha1/gclk.o
                0x00000f28                system_gclk_gen_set_config
 .text.system_gclk_gen_enable
                0x00000fe0       0x44 src/ASF/sam0/drivers/system/clock/clock_samd21_r21_da_ha1/gclk.o
                0x00000fe0                system_gclk_gen_enable
 .text.system_gclk_gen_get_hz
                0x00001024       0x8c src/ASF/sam0/drivers/system/clock/clock_samd21_r21_da_ha1/gclk.o
                0x00001024                system_gclk_gen_get_hz
 .text.system_gclk_chan_enable
                0x000010b0       0x30 src/ASF/sam0/drivers/system/clock/clock_samd21_r21_da_ha1/gclk.o
                0x000010b0                system_gclk_chan_enable
 .text.system_gclk_chan_disable
                0x000010e0       0x5c src/ASF/sam0/drivers/system/clock/clock_samd21_r21_da_ha1/gclk.o
                0x000010e0                system_gclk_chan_disable
 .text.system_gclk_chan_set_config
                0x0000113c       0x1c src/ASF/sam0/drivers/system/clock/clock_samd21_r21_da_ha1/gclk.o
                0x0000113c                system_gclk_chan_set_config
 .text.system_gclk_chan_get_hz
                0x00001158       0x34 src/ASF/sam0/drivers/system/clock/clock_samd21_r21_da_ha1/gclk.o
                0x00001158                system_gclk_chan_get_hz
 .text._system_pinmux_config
                0x0000118c       0xa8 src/ASF/sam0/drivers/system/pinmux/pinmux.o
 .text.system_pinmux_pin_set_config
                0x00001234       0x30 src/ASF/sam0/drivers/system/pinmux/pinmux.o
                0x00001234                system_pinmux_pin_set_config
 .text._system_dummy_init
                0x00001264        0x2 src/ASF/sam0/drivers/system/system.o
                0x00001264                _system_extint_init
                0x00001264                _system_events_init
                0x00001264                _system_dummy_init
                0x00001264                _system_divas_init
 *fill*         0x00001266        0x2 
 .text.system_init
                0x00001268       0x2c src/ASF/sam0/drivers/system/system.o
                0x00001268                system_init
 .text.Dummy_Handler
                0x00001294        0x2 src/ASF/sam0/utils/cmsis/samr21/source/gcc/startup_samr21.o
                0x00001294                DMAC_Handler
                0x00001294                HardFault_Handler
                0x00001294                AC_Handler
                0x00001294                SysTick_Handler
                0x00001294                PendSV_Handler
                0x00001294                NMI_Handler
                0x00001294                ADC_Handler
                0x00001294                TCC1_Handler
                0x00001294                TCC0_Handler
                0x00001294                RTC_Handler
                0x00001294                EIC_Handler
                0x00001294                WDT_Handler
                0x00001294                TC4_Handler
                0x00001294                USB_Handler
                0x00001294                TC3_Handler
                0x00001294                Dummy_Handler
                0x00001294                PM_Handler
                0x00001294                SVC_Handler
                0x00001294                TCC2_Handler
                0x00001294                EVSYS_Handler
                0x00001294                NVMCTRL_Handler
                0x00001294                PTC_Handler
                0x00001294                TC5_Handler
                0x00001294                SYSCTRL_Handler
 *fill*         0x00001296        0x2 
 .text.Reset_Handler
                0x00001298       0xe4 src/ASF/sam0/utils/cmsis/samr21/source/gcc/startup_samr21.o
                0x00001298                Reset_Handler
 .text._sbrk    0x0000137c       0x24 src/ASF/sam0/utils/syscalls/gcc/syscalls.o
                0x0000137c                _sbrk
 .text._close   0x000013a0        0x6 src/ASF/sam0/utils/syscalls/gcc/syscalls.o
                0x000013a0                _close
 .text._fstat   0x000013a6        0xa src/ASF/sam0/utils/syscalls/gcc/syscalls.o
                0x000013a6                _fstat
 .text._isatty  0x000013b0        0x4 src/ASF/sam0/utils/syscalls/gcc/syscalls.o
                0x000013b0                _isatty
 .text._lseek   0x000013b4        0x4 src/ASF/sam0/utils/syscalls/gcc/syscalls.o
                0x000013b4                _lseek
 .text.usart_serial_getchar
                0x000013b8       0x2c src/main.o
 .text.usart_serial_putchar
                0x000013e4       0x18 src/main.o
 .text.main     0x000013fc      0x158 src/main.o
                0x000013fc                main
 .text          0x00001554      0x114 c:/program files (x86)/atmel/studio/7.0/toolchain/arm/arm-gnu-toolchain/bin/../lib/gcc/arm-none-eabi/6.2.1/thumb/v6-m\libgcc.a(_udivsi3.o)
                0x00001554                __aeabi_uidiv
                0x00001554                __udivsi3
                0x00001660                __aeabi_uidivmod
 .text          0x00001668        0x4 c:/program files (x86)/atmel/studio/7.0/toolchain/arm/arm-gnu-toolchain/bin/../lib/gcc/arm-none-eabi/6.2.1/thumb/v6-m\libgcc.a(_dvmd_tls.o)
                0x00001668                __aeabi_idiv0
                0x00001668                __aeabi_ldiv0
 .text          0x0000166c       0x74 c:/program files (x86)/atmel/studio/7.0/toolchain/arm/arm-gnu-toolchain/bin/../lib/gcc/arm-none-eabi/6.2.1/thumb/v6-m\libgcc.a(_arm_cmpsf2.o)
                0x0000166c                __aeabi_cfrcmple
                0x00001674                __aeabi_cfcmpeq
                0x00001674                __aeabi_cfcmple
                0x00001684                __aeabi_fcmpeq
                0x00001690                __aeabi_fcmplt
                0x000016a4                __aeabi_fcmple
                0x000016b8                __aeabi_fcmpgt
                0x000016cc                __aeabi_fcmpge
 .text          0x000016e0       0x54 c:/program files (x86)/atmel/studio/7.0/toolchain/arm/arm-gnu-toolchain/bin/../lib/gcc/arm-none-eabi/6.2.1/thumb/v6-m\libgcc.a(_muldi3.o)
                0x000016e0                __muldi3
                0x000016e0                __aeabi_lmul
 .text          0x00001734       0x30 c:/program files (x86)/atmel/studio/7.0/toolchain/arm/arm-gnu-toolchain/bin/../lib/gcc/arm-none-eabi/6.2.1/thumb/v6-m\libgcc.a(_fixunssfsi.o)
                0x00001734                __fixunssfsi
                0x00001734                __aeabi_f2uiz
 .text          0x00001764       0x4c c:/program files (x86)/atmel/studio/7.0/toolchain/arm/arm-gnu-toolchain/bin/../lib/gcc/arm-none-eabi/6.2.1/thumb/v6-m\libgcc.a(eqsf2.o)
                0x00001764                __eqsf2
                0x00001764                __nesf2
 .text          0x000017b0       0x80 c:/program files (x86)/atmel/studio/7.0/toolchain/arm/arm-gnu-toolchain/bin/../lib/gcc/arm-none-eabi/6.2.1/thumb/v6-m\libgcc.a(gesf2.o)
                0x000017b0                __gesf2
                0x000017b0                __gtsf2
 .text          0x00001830       0x84 c:/program files (x86)/atmel/studio/7.0/toolchain/arm/arm-gnu-toolchain/bin/../lib/gcc/arm-none-eabi/6.2.1/thumb/v6-m\libgcc.a(lesf2.o)
                0x00001830                __ltsf2
                0x00001830                __lesf2
 .text          0x000018b4      0x240 c:/program files (x86)/atmel/studio/7.0/toolchain/arm/arm-gnu-toolchain/bin/../lib/gcc/arm-none-eabi/6.2.1/thumb/v6-m\libgcc.a(mulsf3.o)
                0x000018b4                __aeabi_fmul
 .text          0x00001af4      0x338 c:/program files (x86)/atmel/studio/7.0/toolchain/arm/arm-gnu-toolchain/bin/../lib/gcc/arm-none-eabi/6.2.1/thumb/v6-m\libgcc.a(subsf3.o)
                0x00001af4                __aeabi_fsub
 .text          0x00001e2c       0x40 c:/program files (x86)/atmel/studio/7.0/toolchain/arm/arm-gnu-toolchain/bin/../lib/gcc/arm-none-eabi/6.2.1/thumb/v6-m\libgcc.a(fixsfsi.o)
                0x00001e2c                __aeabi_f2iz
 .text          0x00001e6c      0x668 c:/program files (x86)/atmel/studio/7.0/toolchain/arm/arm-gnu-toolchain/bin/../lib/gcc/arm-none-eabi/6.2.1/thumb/v6-m\libgcc.a(divdf3.o)
                0x00001e6c                __aeabi_ddiv
 .text          0x000024d4      0x500 c:/program files (x86)/atmel/studio/7.0/toolchain/arm/arm-gnu-toolchain/bin/../lib/gcc/arm-none-eabi/6.2.1/thumb/v6-m\libgcc.a(muldf3.o)
                0x000024d4                __aeabi_dmul
 .text          0x000029d4       0x84 c:/program files (x86)/atmel/studio/7.0/toolchain/arm/arm-gnu-toolchain/bin/../lib/gcc/arm-none-eabi/6.2.1/thumb/v6-m\libgcc.a(floatsidf.o)
                0x000029d4                __aeabi_i2d
 .text          0x00002a58      0x114 c:/program files (x86)/atmel/studio/7.0/toolchain/arm/arm-gnu-toolchain/bin/../lib/gcc/arm-none-eabi/6.2.1/thumb/v6-m\libgcc.a(truncdfsf2.o)
                0x00002a58                __aeabi_d2f
 .text          0x00002b6c       0x3c c:/program files (x86)/atmel/studio/7.0/toolchain/arm/arm-gnu-toolchain/bin/../lib/gcc/arm-none-eabi/6.2.1/thumb/v6-m\libgcc.a(_clzsi2.o)
                0x00002b6c                __clzsi2
 .text.__libc_init_array
                0x00002ba8       0x48 c:/program files (x86)/atmel/studio/7.0/toolchain/arm/arm-gnu-toolchain/bin/../lib/gcc/arm-none-eabi/6.2.1/../../../../arm-none-eabi/lib/thumb/v6-m\libc_nano.a(lib_a-init.o)
                0x00002ba8                __libc_init_array
 .text.memset   0x00002bf0       0x10 c:/program files (x86)/atmel/studio/7.0/toolchain/arm/arm-gnu-toolchain/bin/../lib/gcc/arm-none-eabi/6.2.1/../../../../arm-none-eabi/lib/thumb/v6-m\libc_nano.a(lib_a-memset.o)
                0x00002bf0                memset
 .text.printf   0x00002c00       0x34 c:/program files (x86)/atmel/studio/7.0/toolchain/arm/arm-gnu-toolchain/bin/../lib/gcc/arm-none-eabi/6.2.1/../../../../arm-none-eabi/lib/thumb/v6-m\libc_nano.a(lib_a-printf.o)
                0x00002c00                iprintf
                0x00002c00                printf
 .text._puts_r  0x00002c34       0xc0 c:/program files (x86)/atmel/studio/7.0/toolchain/arm/arm-gnu-toolchain/bin/../lib/gcc/arm-none-eabi/6.2.1/../../../../arm-none-eabi/lib/thumb/v6-m\libc_nano.a(lib_a-puts.o)
                0x00002c34                _puts_r
 .text.puts     0x00002cf4       0x14 c:/program files (x86)/atmel/studio/7.0/toolchain/arm/arm-gnu-toolchain/bin/../lib/gcc/arm-none-eabi/6.2.1/../../../../arm-none-eabi/lib/thumb/v6-m\libc_nano.a(lib_a-puts.o)
                0x00002cf4                puts
 .text.setbuf   0x00002d08       0x12 c:/program files (x86)/atmel/studio/7.0/toolchain/arm/arm-gnu-toolchain/bin/../lib/gcc/arm-none-eabi/6.2.1/../../../../arm-none-eabi/lib/thumb/v6-m\libc_nano.a(lib_a-setbuf.o)
                0x00002d08                setbuf
 *fill*         0x00002d1a        0x2 
 .text.setvbuf  0x00002d1c      0x158 c:/program files (x86)/atmel/studio/7.0/toolchain/arm/arm-gnu-toolchain/bin/../lib/gcc/arm-none-eabi/6.2.1/../../../../arm-none-eabi/lib/thumb/v6-m\libc_nano.a(lib_a-setvbuf.o)
                0x00002d1c                setvbuf
 .text.__swbuf_r
                0x00002e74       0xac c:/program files (x86)/atmel/studio/7.0/toolchain/arm/arm-gnu-toolchain/bin/../lib/gcc/arm-none-eabi/6.2.1/../../../../arm-none-eabi/lib/thumb/v6-m\libc_nano.a(lib_a-wbuf.o)
                0x00002e74                __swbuf_r
 .text.__swsetup_r
                0x00002f20       0xec c:/program files (x86)/atmel/studio/7.0/toolchain/arm/arm-gnu-toolchain/bin/../lib/gcc/arm-none-eabi/6.2.1/../../../../arm-none-eabi/lib/thumb/v6-m\libc_nano.a(lib_a-wsetup.o)
                0x00002f20                __swsetup_r
 .text.__sflush_r
                0x0000300c      0x114 c:/program files (x86)/atmel/studio/7.0/toolchain/arm/arm-gnu-toolchain/bin/../lib/gcc/arm-none-eabi/6.2.1/../../../../arm-none-eabi/lib/thumb/v6-m\libc_nano.a(lib_a-fflush.o)
                0x0000300c                __sflush_r
 .text._fflush_r
                0x00003120       0x58 c:/program files (x86)/atmel/studio/7.0/toolchain/arm/arm-gnu-toolchain/bin/../lib/gcc/arm-none-eabi/6.2.1/../../../../arm-none-eabi/lib/thumb/v6-m\libc_nano.a(lib_a-fflush.o)
                0x00003120                _fflush_r
 .text._cleanup_r
                0x00003178       0x10 c:/program files (x86)/atmel/studio/7.0/toolchain/arm/arm-gnu-toolchain/bin/../lib/gcc/arm-none-eabi/6.2.1/../../../../arm-none-eabi/lib/thumb/v6-m\libc_nano.a(lib_a-findfp.o)
                0x00003178                _cleanup_r
 .text.std.isra.0
                0x00003188       0x48 c:/program files (x86)/atmel/studio/7.0/toolchain/arm/arm-gnu-toolchain/bin/../lib/gcc/arm-none-eabi/6.2.1/../../../../arm-none-eabi/lib/thumb/v6-m\libc_nano.a(lib_a-findfp.o)
 .text.__sfmoreglue
                0x000031d0       0x2c c:/program files (x86)/atmel/studio/7.0/toolchain/arm/arm-gnu-toolchain/bin/../lib/gcc/arm-none-eabi/6.2.1/../../../../arm-none-eabi/lib/thumb/v6-m\libc_nano.a(lib_a-findfp.o)
                0x000031d0                __sfmoreglue
 .text.__sinit  0x000031fc       0x68 c:/program files (x86)/atmel/studio/7.0/toolchain/arm/arm-gnu-toolchain/bin/../lib/gcc/arm-none-eabi/6.2.1/../../../../arm-none-eabi/lib/thumb/v6-m\libc_nano.a(lib_a-findfp.o)
                0x000031fc                __sinit
 .text.__sfp    0x00003264       0x80 c:/program files (x86)/atmel/studio/7.0/toolchain/arm/arm-gnu-toolchain/bin/../lib/gcc/arm-none-eabi/6.2.1/../../../../arm-none-eabi/lib/thumb/v6-m\libc_nano.a(lib_a-findfp.o)
                0x00003264                __sfp
 .text._fwalk_reent
                0x000032e4       0x42 c:/program files (x86)/atmel/studio/7.0/toolchain/arm/arm-gnu-toolchain/bin/../lib/gcc/arm-none-eabi/6.2.1/../../../../arm-none-eabi/lib/thumb/v6-m\libc_nano.a(lib_a-fwalk.o)
                0x000032e4                _fwalk_reent
 *fill*         0x00003326        0x2 
 .text.__swhatbuf_r
                0x00003328       0x50 c:/program files (x86)/atmel/studio/7.0/toolchain/arm/arm-gnu-toolchain/bin/../lib/gcc/arm-none-eabi/6.2.1/../../../../arm-none-eabi/lib/thumb/v6-m\libc_nano.a(lib_a-makebuf.o)
                0x00003328                __swhatbuf_r
 .text.__smakebuf_r
                0x00003378       0x7c c:/program files (x86)/atmel/studio/7.0/toolchain/arm/arm-gnu-toolchain/bin/../lib/gcc/arm-none-eabi/6.2.1/../../../../arm-none-eabi/lib/thumb/v6-m\libc_nano.a(lib_a-makebuf.o)
                0x00003378                __smakebuf_r
 .text.malloc   0x000033f4       0x14 c:/program files (x86)/atmel/studio/7.0/toolchain/arm/arm-gnu-toolchain/bin/../lib/gcc/arm-none-eabi/6.2.1/../../../../arm-none-eabi/lib/thumb/v6-m\libc_nano.a(lib_a-malloc.o)
                0x000033f4                malloc
 .text._free_r  0x00003408       0x94 c:/program files (x86)/atmel/studio/7.0/toolchain/arm/arm-gnu-toolchain/bin/../lib/gcc/arm-none-eabi/6.2.1/../../../../arm-none-eabi/lib/thumb/v6-m\libc_nano.a(lib_a-nano-freer.o)
                0x00003408                _free_r
 .text._malloc_r
                0x0000349c       0xbc c:/program files (x86)/atmel/studio/7.0/toolchain/arm/arm-gnu-toolchain/bin/../lib/gcc/arm-none-eabi/6.2.1/../../../../arm-none-eabi/lib/thumb/v6-m\libc_nano.a(lib_a-nano-mallocr.o)
                0x0000349c                _malloc_r
 .text.__sfputc_r
                0x00003558       0x2a c:/program files (x86)/atmel/studio/7.0/toolchain/arm/arm-gnu-toolchain/bin/../lib/gcc/arm-none-eabi/6.2.1/../../../../arm-none-eabi/lib/thumb/v6-m\libc_nano.a(lib_a-nano-vfprintf.o)
 .text.__sfputs_r
                0x00003582       0x24 c:/program files (x86)/atmel/studio/7.0/toolchain/arm/arm-gnu-toolchain/bin/../lib/gcc/arm-none-eabi/6.2.1/../../../../arm-none-eabi/lib/thumb/v6-m\libc_nano.a(lib_a-nano-vfprintf.o)
                0x00003582                __sfputs_r
 *fill*         0x000035a6        0x2 
 .text._vfprintf_r
                0x000035a8      0x238 c:/program files (x86)/atmel/studio/7.0/toolchain/arm/arm-gnu-toolchain/bin/../lib/gcc/arm-none-eabi/6.2.1/../../../../arm-none-eabi/lib/thumb/v6-m\libc_nano.a(lib_a-nano-vfprintf.o)
                0x000035a8                _vfprintf_r
                0x000035a8                _vfiprintf_r
 .text._printf_common
                0x000037e0       0xda c:/program files (x86)/atmel/studio/7.0/toolchain/arm/arm-gnu-toolchain/bin/../lib/gcc/arm-none-eabi/6.2.1/../../../../arm-none-eabi/lib/thumb/v6-m\libc_nano.a(lib_a-nano-vfprintf_i.o)
                0x000037e0                _printf_common
 *fill*         0x000038ba        0x2 
 .text._printf_i
                0x000038bc      0x234 c:/program files (x86)/atmel/studio/7.0/toolchain/arm/arm-gnu-toolchain/bin/../lib/gcc/arm-none-eabi/6.2.1/../../../../arm-none-eabi/lib/thumb/v6-m\libc_nano.a(lib_a-nano-vfprintf_i.o)
                0x000038bc                _printf_i
 .text._sbrk_r  0x00003af0       0x24 c:/program files (x86)/atmel/studio/7.0/toolchain/arm/arm-gnu-toolchain/bin/../lib/gcc/arm-none-eabi/6.2.1/../../../../arm-none-eabi/lib/thumb/v6-m\libc_nano.a(lib_a-sbrkr.o)
                0x00003af0                _sbrk_r
 .text.__sread  0x00003b14       0x28 c:/program files (x86)/atmel/studio/7.0/toolchain/arm/arm-gnu-toolchain/bin/../lib/gcc/arm-none-eabi/6.2.1/../../../../arm-none-eabi/lib/thumb/v6-m\libc_nano.a(lib_a-stdio.o)
                0x00003b14                __sread
 .text.__swrite
                0x00003b3c       0x38 c:/program files (x86)/atmel/studio/7.0/toolchain/arm/arm-gnu-toolchain/bin/../lib/gcc/arm-none-eabi/6.2.1/../../../../arm-none-eabi/lib/thumb/v6-m\libc_nano.a(lib_a-stdio.o)
                0x00003b3c                __swrite
 .text.__sseek  0x00003b74       0x2c c:/program files (x86)/atmel/studio/7.0/toolchain/arm/arm-gnu-toolchain/bin/../lib/gcc/arm-none-eabi/6.2.1/../../../../arm-none-eabi/lib/thumb/v6-m\libc_nano.a(lib_a-stdio.o)
                0x00003b74                __sseek
 .text.__sclose
                0x00003ba0        0xc c:/program files (x86)/atmel/studio/7.0/toolchain/arm/arm-gnu-toolchain/bin/../lib/gcc/arm-none-eabi/6.2.1/../../../../arm-none-eabi/lib/thumb/v6-m\libc_nano.a(lib_a-stdio.o)
                0x00003ba0                __sclose
 .text._write_r
                0x00003bac       0x28 c:/program files (x86)/atmel/studio/7.0/toolchain/arm/arm-gnu-toolchain/bin/../lib/gcc/arm-none-eabi/6.2.1/../../../../arm-none-eabi/lib/thumb/v6-m\libc_nano.a(lib_a-writer.o)
                0x00003bac                _write_r
 .text._close_r
                0x00003bd4       0x24 c:/program files (x86)/atmel/studio/7.0/toolchain/arm/arm-gnu-toolchain/bin/../lib/gcc/arm-none-eabi/6.2.1/../../../../arm-none-eabi/lib/thumb/v6-m\libc_nano.a(lib_a-closer.o)
                0x00003bd4                _close_r
 .text._fstat_r
                0x00003bf8       0x24 c:/program files (x86)/atmel/studio/7.0/toolchain/arm/arm-gnu-toolchain/bin/../lib/gcc/arm-none-eabi/6.2.1/../../../../arm-none-eabi/lib/thumb/v6-m\libc_nano.a(lib_a-fstatr.o)
                0x00003bf8                _fstat_r
 .text._isatty_r
                0x00003c1c       0x24 c:/program files (x86)/atmel/studio/7.0/toolchain/arm/arm-gnu-toolchain/bin/../lib/gcc/arm-none-eabi/6.2.1/../../../../arm-none-eabi/lib/thumb/v6-m\libc_nano.a(lib_a-isattyr.o)
                0x00003c1c                _isatty_r
 .text._lseek_r
                0x00003c40       0x28 c:/program files (x86)/atmel/studio/7.0/toolchain/arm/arm-gnu-toolchain/bin/../lib/gcc/arm-none-eabi/6.2.1/../../../../arm-none-eabi/lib/thumb/v6-m\libc_nano.a(lib_a-lseekr.o)
                0x00003c40                _lseek_r
 .text.memchr   0x00003c68       0x16 c:/program files (x86)/atmel/studio/7.0/toolchain/arm/arm-gnu-toolchain/bin/../lib/gcc/arm-none-eabi/6.2.1/../../../../arm-none-eabi/lib/thumb/v6-m\libc_nano.a(lib_a-memchr-stub.o)
                0x00003c68                memchr
 .text.__malloc_lock
                0x00003c7e        0x2 c:/program files (x86)/atmel/studio/7.0/toolchain/arm/arm-gnu-toolchain/bin/../lib/gcc/arm-none-eabi/6.2.1/../../../../arm-none-eabi/lib/thumb/v6-m\libc_nano.a(lib_a-mlock.o)
                0x00003c7e                __malloc_lock
 .text.__malloc_unlock
                0x00003c80        0x2 c:/program files (x86)/atmel/studio/7.0/toolchain/arm/arm-gnu-toolchain/bin/../lib/gcc/arm-none-eabi/6.2.1/../../../../arm-none-eabi/lib/thumb/v6-m\libc_nano.a(lib_a-mlock.o)
                0x00003c80                __malloc_unlock
 *fill*         0x00003c82        0x2 
 .text._read_r  0x00003c84       0x28 c:/program files (x86)/atmel/studio/7.0/toolchain/arm/arm-gnu-toolchain/bin/../lib/gcc/arm-none-eabi/6.2.1/../../../../arm-none-eabi/lib/thumb/v6-m\libc_nano.a(lib_a-readr.o)
                0x00003c84                _read_r
 *(.glue_7t)
 .glue_7t       0x00003cac        0x0 linker stubs
 *(.glue_7)
 .glue_7        0x00003cac        0x0 linker stubs
 *(.rodata .rodata* .gnu.linkonce.r.*)
 .rodata        0x00003cac       0x18 src/ASF/sam0/drivers/sercom/sercom.o
 .rodata.sendValues.str1.4
                0x00003cc4        0xe src/my_drivers.o
 *fill*         0x00003cd2        0x2 
 .rodata.system_clock_source_get_hz
                0x00003cd4       0x24 src/ASF/sam0/drivers/system/clock/clock_samd21_r21_da_ha1/clock.o
 .rodata.system_clock_source_enable
                0x00003cf8       0x24 src/ASF/sam0/drivers/system/clock/clock_samd21_r21_da_ha1/clock.o
 .rodata.main.str1.4
                0x00003d1c       0x10 src/main.o
 .rodata        0x00003d2c       0x40 c:/program files (x86)/atmel/studio/7.0/toolchain/arm/arm-gnu-toolchain/bin/../lib/gcc/arm-none-eabi/6.2.1/thumb/v6-m\libgcc.a(mulsf3.o)
 .rodata        0x00003d6c       0x40 c:/program files (x86)/atmel/studio/7.0/toolchain/arm/arm-gnu-toolchain/bin/../lib/gcc/arm-none-eabi/6.2.1/thumb/v6-m\libgcc.a(divdf3.o)
 .rodata        0x00003dac       0x40 c:/program files (x86)/atmel/studio/7.0/toolchain/arm/arm-gnu-toolchain/bin/../lib/gcc/arm-none-eabi/6.2.1/thumb/v6-m\libgcc.a(muldf3.o)
 .rodata._global_impure_ptr
                0x00003dec        0x4 c:/program files (x86)/atmel/studio/7.0/toolchain/arm/arm-gnu-toolchain/bin/../lib/gcc/arm-none-eabi/6.2.1/../../../../arm-none-eabi/lib/thumb/v6-m\libc_nano.a(lib_a-impure.o)
                0x00003dec                _global_impure_ptr
 .rodata.__sf_fake_stderr
                0x00003df0       0x20 c:/program files (x86)/atmel/studio/7.0/toolchain/arm/arm-gnu-toolchain/bin/../lib/gcc/arm-none-eabi/6.2.1/../../../../arm-none-eabi/lib/thumb/v6-m\libc_nano.a(lib_a-findfp.o)
                0x00003df0                __sf_fake_stderr
 .rodata.__sf_fake_stdin
                0x00003e10       0x20 c:/program files (x86)/atmel/studio/7.0/toolchain/arm/arm-gnu-toolchain/bin/../lib/gcc/arm-none-eabi/6.2.1/../../../../arm-none-eabi/lib/thumb/v6-m\libc_nano.a(lib_a-findfp.o)
                0x00003e10                __sf_fake_stdin
 .rodata.__sf_fake_stdout
                0x00003e30       0x20 c:/program files (x86)/atmel/studio/7.0/toolchain/arm/arm-gnu-toolchain/bin/../lib/gcc/arm-none-eabi/6.2.1/../../../../arm-none-eabi/lib/thumb/v6-m\libc_nano.a(lib_a-findfp.o)
                0x00003e30                __sf_fake_stdout
 .rodata._vfprintf_r.str1.1
                0x00003e50       0x11 c:/program files (x86)/atmel/studio/7.0/toolchain/arm/arm-gnu-toolchain/bin/../lib/gcc/arm-none-eabi/6.2.1/../../../../arm-none-eabi/lib/thumb/v6-m\libc_nano.a(lib_a-nano-vfprintf.o)
 .rodata._printf_i.str1.1
                0x00003e61       0x22 c:/program files (x86)/atmel/studio/7.0/toolchain/arm/arm-gnu-toolchain/bin/../lib/gcc/arm-none-eabi/6.2.1/../../../../arm-none-eabi/lib/thumb/v6-m\libc_nano.a(lib_a-nano-vfprintf_i.o)
 *(.ARM.extab* .gnu.linkonce.armextab.*)
                0x00003e84                . = ALIGN (0x4)
 *fill*         0x00003e83        0x1 
 *(.init)
 .init          0x00003e84        0x4 c:/program files (x86)/atmel/studio/7.0/toolchain/arm/arm-gnu-toolchain/bin/../lib/gcc/arm-none-eabi/6.2.1/thumb/v6-m/crti.o
                0x00003e84                _init
 .init          0x00003e88        0x8 c:/program files (x86)/atmel/studio/7.0/toolchain/arm/arm-gnu-toolchain/bin/../lib/gcc/arm-none-eabi/6.2.1/thumb/v6-m/crtn.o
                0x00003e90                . = ALIGN (0x4)
                0x00003e90                __preinit_array_start = .
 *(.preinit_array)
                0x00003e90                __preinit_array_end = .
                0x00003e90                . = ALIGN (0x4)
                0x00003e90                __init_array_start = .
 *(SORT(.init_array.*))
 *(.init_array)
 .init_array    0x00003e90        0x4 c:/program files (x86)/atmel/studio/7.0/toolchain/arm/arm-gnu-toolchain/bin/../lib/gcc/arm-none-eabi/6.2.1/thumb/v6-m/crtbegin.o
                0x00003e94                __init_array_end = .
                0x00003e94                . = ALIGN (0x4)
 *crtbegin.o(.ctors)
 *(EXCLUDE_FILE(*crtend.o) .ctors)
 *(SORT(.ctors.*))
 *crtend.o(.ctors)
                0x00003e94                . = ALIGN (0x4)
 *(.fini)
 .fini          0x00003e94        0x4 c:/program files (x86)/atmel/studio/7.0/toolchain/arm/arm-gnu-toolchain/bin/../lib/gcc/arm-none-eabi/6.2.1/thumb/v6-m/crti.o
                0x00003e94                _fini
 .fini          0x00003e98        0x8 c:/program files (x86)/atmel/studio/7.0/toolchain/arm/arm-gnu-toolchain/bin/../lib/gcc/arm-none-eabi/6.2.1/thumb/v6-m/crtn.o
                0x00003ea0                . = ALIGN (0x4)
                0x00003ea0                __fini_array_start = .
 *(.fini_array)
 .fini_array    0x00003ea0        0x4 c:/program files (x86)/atmel/studio/7.0/toolchain/arm/arm-gnu-toolchain/bin/../lib/gcc/arm-none-eabi/6.2.1/thumb/v6-m/crtbegin.o
 *(SORT(.fini_array.*))
                0x00003ea4                __fini_array_end = .
 *crtbegin.o(.dtors)
 *(EXCLUDE_FILE(*crtend.o) .dtors)
 *(SORT(.dtors.*))
 *crtend.o(.dtors)
                0x00003ea4                . = ALIGN (0x4)
                0x00003ea4                _efixed = .
                [!provide]                PROVIDE (__exidx_start, .)

.vfp11_veneer   0x00003ea4        0x0
 .vfp11_veneer  0x00003ea4        0x0 linker stubs

.v4_bx          0x00003ea4        0x0
 .v4_bx         0x00003ea4        0x0 linker stubs

.iplt           0x00003ea4        0x0
 .iplt          0x00003ea4        0x0 c:/program files (x86)/atmel/studio/7.0/toolchain/arm/arm-gnu-toolchain/bin/../lib/gcc/arm-none-eabi/6.2.1/thumb/v6-m/crtbegin.o

.eh_frame       0x00003ea4        0x0
 .eh_frame      0x00003ea4        0x0 c:/program files (x86)/atmel/studio/7.0/toolchain/arm/arm-gnu-toolchain/bin/../lib/gcc/arm-none-eabi/6.2.1/thumb/v6-m/crtbegin.o

.rel.dyn        0x00003ea4        0x0
 .rel.iplt      0x00003ea4        0x0 c:/program files (x86)/atmel/studio/7.0/toolchain/arm/arm-gnu-toolchain/bin/../lib/gcc/arm-none-eabi/6.2.1/thumb/v6-m/crtbegin.o

.jcr            0x00003ea4        0x0
 .jcr           0x00003ea4        0x0 c:/program files (x86)/atmel/studio/7.0/toolchain/arm/arm-gnu-toolchain/bin/../lib/gcc/arm-none-eabi/6.2.1/thumb/v6-m/crtbegin.o

.igot.plt       0x00003ea4        0x0
 .igot.plt      0x00003ea4        0x0 c:/program files (x86)/atmel/studio/7.0/toolchain/arm/arm-gnu-toolchain/bin/../lib/gcc/arm-none-eabi/6.2.1/thumb/v6-m/crtbegin.o

.ARM.exidx
 *(.ARM.exidx* .gnu.linkonce.armexidx.*)
                [!provide]                PROVIDE (__exidx_end, .)
                0x00003ea4                . = ALIGN (0x4)
                0x00003ea4                _etext = .

.relocate       0x20000000       0x68 load address 0x00003ea4
                0x20000000                . = ALIGN (0x4)
                0x20000000                _srelocate = .
 *(.ramfunc .ramfunc.*)
 *(.data .data.*)
 .data.g_interrupt_enabled
                0x20000000        0x1 src/ASF/common/utils/interrupt/interrupt_sam_nvic.o
                0x20000000                g_interrupt_enabled
 *fill*         0x20000001        0x3 
 .data._impure_ptr
                0x20000004        0x4 c:/program files (x86)/atmel/studio/7.0/toolchain/arm/arm-gnu-toolchain/bin/../lib/gcc/arm-none-eabi/6.2.1/../../../../arm-none-eabi/lib/thumb/v6-m\libc_nano.a(lib_a-impure.o)
                0x20000004                _impure_ptr
 .data.impure_data
                0x20000008       0x60 c:/program files (x86)/atmel/studio/7.0/toolchain/arm/arm-gnu-toolchain/bin/../lib/gcc/arm-none-eabi/6.2.1/../../../../arm-none-eabi/lib/thumb/v6-m\libc_nano.a(lib_a-impure.o)
                0x20000068                . = ALIGN (0x4)
                0x20000068                _erelocate = .

.bss            0x20000068      0x100 load address 0x00003f0c
                0x20000068                . = ALIGN (0x4)
                0x20000068                _sbss = .
                0x20000068                _szero = .
 *(.bss .bss.*)
 .bss           0x20000068       0x1c c:/program files (x86)/atmel/studio/7.0/toolchain/arm/arm-gnu-toolchain/bin/../lib/gcc/arm-none-eabi/6.2.1/thumb/v6-m/crtbegin.o
 .bss._sercom_config
                0x20000084        0x2 src/ASF/sam0/drivers/sercom/sercom.o
 .bss._handler_table_initialized
                0x20000086        0x1 src/ASF/sam0/drivers/sercom/sercom_interrupt.o
 *fill*         0x20000087        0x1 
 .bss._sercom_interrupt_handlers
                0x20000088       0x18 src/ASF/sam0/drivers/sercom/sercom_interrupt.o
 .bss.cpu_irq_critical_section_counter
                0x200000a0        0x4 src/ASF/common/utils/interrupt/interrupt_sam_nvic.o
 .bss.cpu_irq_prev_interrupt_state
                0x200000a4        0x1 src/ASF/common/utils/interrupt/interrupt_sam_nvic.o
 *fill*         0x200000a5        0x3 
 .bss._system_clock_inst
                0x200000a8       0x18 src/ASF/sam0/drivers/system/clock/clock_samd21_r21_da_ha1/clock.o
 .bss.heap.5276
                0x200000c0        0x4 src/ASF/sam0/utils/syscalls/gcc/syscalls.o
 .bss.__malloc_free_list
                0x200000c4        0x4 c:/program files (x86)/atmel/studio/7.0/toolchain/arm/arm-gnu-toolchain/bin/../lib/gcc/arm-none-eabi/6.2.1/../../../../arm-none-eabi/lib/thumb/v6-m\libc_nano.a(lib_a-nano-mallocr.o)
                0x200000c4                __malloc_free_list
 .bss.__malloc_sbrk_start
                0x200000c8        0x4 c:/program files (x86)/atmel/studio/7.0/toolchain/arm/arm-gnu-toolchain/bin/../lib/gcc/arm-none-eabi/6.2.1/../../../../arm-none-eabi/lib/thumb/v6-m\libc_nano.a(lib_a-nano-mallocr.o)
                0x200000c8                __malloc_sbrk_start
 *(COMMON)
 COMMON         0x200000cc        0x4 src/ASF/sam0/utils/stdio/read.o
                0x200000cc                ptr_get
 COMMON         0x200000d0        0x8 src/ASF/sam0/utils/stdio/write.o
                0x200000d0                ptr_put
                0x200000d4                stdio_base
 COMMON         0x200000d8       0x18 src/ASF/sam0/drivers/sercom/sercom_interrupt.o
                0x200000d8                _sercom_instances
 COMMON         0x200000f0       0x74 src/main.o
                0x200000f0                usart_instance
                0x20000124                usart_conf
 COMMON         0x20000164        0x4 c:/program files (x86)/atmel/studio/7.0/toolchain/arm/arm-gnu-toolchain/bin/../lib/gcc/arm-none-eabi/6.2.1/../../../../arm-none-eabi/lib/thumb/v6-m\libc_nano.a(lib_a-reent.o)
                0x20000164                errno
                0x20000168                . = ALIGN (0x4)
                0x20000168                _ebss = .
                0x20000168                _ezero = .

.stack          0x20000168     0x2000 load address 0x0000400c
                0x20000168                . = ALIGN (0x8)
                0x20000168                _sstack = .
                0x20002168                . = (. + STACK_SIZE)
 *fill*         0x20000168     0x2000 
                0x20002168                . = ALIGN (0x8)
                0x20002168                _estack = .
                0x20002168                . = ALIGN (0x4)
                0x20002168                _end = .
OUTPUT(BikeCiclo.elf elf32-littlearm)

.ARM.attributes
                0x00000000       0x28
 .ARM.attributes
                0x00000000       0x1e c:/program files (x86)/atmel/studio/7.0/toolchain/arm/arm-gnu-toolchain/bin/../lib/gcc/arm-none-eabi/6.2.1/thumb/v6-m/crti.o
 .ARM.attributes
                0x0000001e       0x2c c:/program files (x86)/atmel/studio/7.0/toolchain/arm/arm-gnu-toolchain/bin/../lib/gcc/arm-none-eabi/6.2.1/thumb/v6-m/crtbegin.o
 .ARM.attributes
                0x0000004a       0x32 src/ASF/sam0/drivers/sercom/sercom.o
 .ARM.attributes
                0x0000007c       0x32 src/ASF/sam0/utils/stdio/read.o
 .ARM.attributes
                0x000000ae       0x32 src/ASF/sam0/utils/stdio/write.o
 .ARM.attributes
                0x000000e0       0x32 src/my_drivers.o
 .ARM.attributes
                0x00000112       0x32 src/ASF/sam0/drivers/sercom/usart/usart.o
 .ARM.attributes
                0x00000144       0x32 src/ASF/sam0/drivers/sercom/usart/usart_interrupt.o
 .ARM.attributes
                0x00000176       0x32 src/ASF/sam0/drivers/sercom/sercom_interrupt.o
 .ARM.attributes
                0x000001a8       0x32 src/ASF/common/utils/interrupt/interrupt_sam_nvic.o
 .ARM.attributes
                0x000001da       0x32 src/ASF/sam0/boards/samr21_xplained_pro/board_init.o
 .ARM.attributes
                0x0000020c       0x32 src/ASF/sam0/drivers/port/port.o
 .ARM.attributes
                0x0000023e       0x32 src/ASF/sam0/drivers/system/clock/clock_samd21_r21_da_ha1/clock.o
 .ARM.attributes
                0x00000270       0x32 src/ASF/sam0/drivers/system/clock/clock_samd21_r21_da_ha1/gclk.o
 .ARM.attributes
                0x000002a2       0x32 src/ASF/sam0/drivers/system/pinmux/pinmux.o
 .ARM.attributes
                0x000002d4       0x32 src/ASF/sam0/drivers/system/system.o
 .ARM.attributes
                0x00000306       0x32 src/ASF/sam0/utils/cmsis/samr21/source/gcc/startup_samr21.o
 .ARM.attributes
                0x00000338       0x32 src/ASF/sam0/utils/syscalls/gcc/syscalls.o
 .ARM.attributes
                0x0000036a       0x32 src/main.o
 .ARM.attributes
                0x0000039c       0x1e c:/program files (x86)/atmel/studio/7.0/toolchain/arm/arm-gnu-toolchain/bin/../lib/gcc/arm-none-eabi/6.2.1/thumb/v6-m\libgcc.a(_udivsi3.o)
 .ARM.attributes
                0x000003ba       0x1e c:/program files (x86)/atmel/studio/7.0/toolchain/arm/arm-gnu-toolchain/bin/../lib/gcc/arm-none-eabi/6.2.1/thumb/v6-m\libgcc.a(_dvmd_tls.o)
 .ARM.attributes
                0x000003d8       0x1e c:/program files (x86)/atmel/studio/7.0/toolchain/arm/arm-gnu-toolchain/bin/../lib/gcc/arm-none-eabi/6.2.1/thumb/v6-m\libgcc.a(_arm_cmpsf2.o)
 .ARM.attributes
                0x000003f6       0x2c c:/program files (x86)/atmel/studio/7.0/toolchain/arm/arm-gnu-toolchain/bin/../lib/gcc/arm-none-eabi/6.2.1/thumb/v6-m\libgcc.a(_muldi3.o)
 .ARM.attributes
                0x00000422       0x2c c:/program files (x86)/atmel/studio/7.0/toolchain/arm/arm-gnu-toolchain/bin/../lib/gcc/arm-none-eabi/6.2.1/thumb/v6-m\libgcc.a(_fixunssfsi.o)
 .ARM.attributes
                0x0000044e       0x2c c:/program files (x86)/atmel/studio/7.0/toolchain/arm/arm-gnu-toolchain/bin/../lib/gcc/arm-none-eabi/6.2.1/thumb/v6-m\libgcc.a(eqsf2.o)
 .ARM.attributes
                0x0000047a       0x2c c:/program files (x86)/atmel/studio/7.0/toolchain/arm/arm-gnu-toolchain/bin/../lib/gcc/arm-none-eabi/6.2.1/thumb/v6-m\libgcc.a(gesf2.o)
 .ARM.attributes
                0x000004a6       0x2c c:/program files (x86)/atmel/studio/7.0/toolchain/arm/arm-gnu-toolchain/bin/../lib/gcc/arm-none-eabi/6.2.1/thumb/v6-m\libgcc.a(lesf2.o)
 .ARM.attributes
                0x000004d2       0x2c c:/program files (x86)/atmel/studio/7.0/toolchain/arm/arm-gnu-toolchain/bin/../lib/gcc/arm-none-eabi/6.2.1/thumb/v6-m\libgcc.a(mulsf3.o)
 .ARM.attributes
                0x000004fe       0x2c c:/program files (x86)/atmel/studio/7.0/toolchain/arm/arm-gnu-toolchain/bin/../lib/gcc/arm-none-eabi/6.2.1/thumb/v6-m\libgcc.a(subsf3.o)
 .ARM.attributes
                0x0000052a       0x2c c:/program files (x86)/atmel/studio/7.0/toolchain/arm/arm-gnu-toolchain/bin/../lib/gcc/arm-none-eabi/6.2.1/thumb/v6-m\libgcc.a(fixsfsi.o)
 .ARM.attributes
                0x00000556       0x2c c:/program files (x86)/atmel/studio/7.0/toolchain/arm/arm-gnu-toolchain/bin/../lib/gcc/arm-none-eabi/6.2.1/thumb/v6-m\libgcc.a(divdf3.o)
 .ARM.attributes
                0x00000582       0x2c c:/program files (x86)/atmel/studio/7.0/toolchain/arm/arm-gnu-toolchain/bin/../lib/gcc/arm-none-eabi/6.2.1/thumb/v6-m\libgcc.a(muldf3.o)
 .ARM.attributes
                0x000005ae       0x2c c:/program files (x86)/atmel/studio/7.0/toolchain/arm/arm-gnu-toolchain/bin/../lib/gcc/arm-none-eabi/6.2.1/thumb/v6-m\libgcc.a(floatsidf.o)
 .ARM.attributes
                0x000005da       0x2c c:/program files (x86)/atmel/studio/7.0/toolchain/arm/arm-gnu-toolchain/bin/../lib/gcc/arm-none-eabi/6.2.1/thumb/v6-m\libgcc.a(truncdfsf2.o)
 .ARM.attributes
                0x00000606       0x1e c:/program files (x86)/atmel/studio/7.0/toolchain/arm/arm-gnu-toolchain/bin/../lib/gcc/arm-none-eabi/6.2.1/thumb/v6-m\libgcc.a(_clzsi2.o)
 .ARM.attributes
                0x00000624       0x2c c:/program files (x86)/atmel/studio/7.0/toolchain/arm/arm-gnu-toolchain/bin/../lib/gcc/arm-none-eabi/6.2.1/../../../../arm-none-eabi/lib/thumb/v6-m\libc_nano.a(lib_a-impure.o)
 .ARM.attributes
                0x00000650       0x2c c:/program files (x86)/atmel/studio/7.0/toolchain/arm/arm-gnu-toolchain/bin/../lib/gcc/arm-none-eabi/6.2.1/../../../../arm-none-eabi/lib/thumb/v6-m\libc_nano.a(lib_a-init.o)
 .ARM.attributes
                0x0000067c       0x2c c:/program files (x86)/atmel/studio/7.0/toolchain/arm/arm-gnu-toolchain/bin/../lib/gcc/arm-none-eabi/6.2.1/../../../../arm-none-eabi/lib/thumb/v6-m\libc_nano.a(lib_a-memset.o)
 .ARM.attributes
                0x000006a8       0x2c c:/program files (x86)/atmel/studio/7.0/toolchain/arm/arm-gnu-toolchain/bin/../lib/gcc/arm-none-eabi/6.2.1/../../../../arm-none-eabi/lib/thumb/v6-m\libc_nano.a(lib_a-printf.o)
 .ARM.attributes
                0x000006d4       0x2c c:/program files (x86)/atmel/studio/7.0/toolchain/arm/arm-gnu-toolchain/bin/../lib/gcc/arm-none-eabi/6.2.1/../../../../arm-none-eabi/lib/thumb/v6-m\libc_nano.a(lib_a-puts.o)
 .ARM.attributes
                0x00000700       0x2c c:/program files (x86)/atmel/studio/7.0/toolchain/arm/arm-gnu-toolchain/bin/../lib/gcc/arm-none-eabi/6.2.1/../../../../arm-none-eabi/lib/thumb/v6-m\libc_nano.a(lib_a-setbuf.o)
 .ARM.attributes
                0x0000072c       0x2c c:/program files (x86)/atmel/studio/7.0/toolchain/arm/arm-gnu-toolchain/bin/../lib/gcc/arm-none-eabi/6.2.1/../../../../arm-none-eabi/lib/thumb/v6-m\libc_nano.a(lib_a-setvbuf.o)
 .ARM.attributes
                0x00000758       0x2c c:/program files (x86)/atmel/studio/7.0/toolchain/arm/arm-gnu-toolchain/bin/../lib/gcc/arm-none-eabi/6.2.1/../../../../arm-none-eabi/lib/thumb/v6-m\libc_nano.a(lib_a-wbuf.o)
 .ARM.attributes
                0x00000784       0x2c c:/program files (x86)/atmel/studio/7.0/toolchain/arm/arm-gnu-toolchain/bin/../lib/gcc/arm-none-eabi/6.2.1/../../../../arm-none-eabi/lib/thumb/v6-m\libc_nano.a(lib_a-wsetup.o)
 .ARM.attributes
                0x000007b0       0x2c c:/program files (x86)/atmel/studio/7.0/toolchain/arm/arm-gnu-toolchain/bin/../lib/gcc/arm-none-eabi/6.2.1/../../../../arm-none-eabi/lib/thumb/v6-m\libc_nano.a(lib_a-fflush.o)
 .ARM.attributes
                0x000007dc       0x2c c:/program files (x86)/atmel/studio/7.0/toolchain/arm/arm-gnu-toolchain/bin/../lib/gcc/arm-none-eabi/6.2.1/../../../../arm-none-eabi/lib/thumb/v6-m\libc_nano.a(lib_a-findfp.o)
 .ARM.attributes
                0x00000808       0x2c c:/program files (x86)/atmel/studio/7.0/toolchain/arm/arm-gnu-toolchain/bin/../lib/gcc/arm-none-eabi/6.2.1/../../../../arm-none-eabi/lib/thumb/v6-m\libc_nano.a(lib_a-fwalk.o)
 .ARM.attributes
                0x00000834       0x2c c:/program files (x86)/atmel/studio/7.0/toolchain/arm/arm-gnu-toolchain/bin/../lib/gcc/arm-none-eabi/6.2.1/../../../../arm-none-eabi/lib/thumb/v6-m\libc_nano.a(lib_a-makebuf.o)
 .ARM.attributes
                0x00000860       0x2c c:/program files (x86)/atmel/studio/7.0/toolchain/arm/arm-gnu-toolchain/bin/../lib/gcc/arm-none-eabi/6.2.1/../../../../arm-none-eabi/lib/thumb/v6-m\libc_nano.a(lib_a-malloc.o)
 .ARM.attributes
                0x0000088c       0x2c c:/program files (x86)/atmel/studio/7.0/toolchain/arm/arm-gnu-toolchain/bin/../lib/gcc/arm-none-eabi/6.2.1/../../../../arm-none-eabi/lib/thumb/v6-m\libc_nano.a(lib_a-nano-freer.o)
 .ARM.attributes
                0x000008b8       0x2c c:/program files (x86)/atmel/studio/7.0/toolchain/arm/arm-gnu-toolchain/bin/../lib/gcc/arm-none-eabi/6.2.1/../../../../arm-none-eabi/lib/thumb/v6-m\libc_nano.a(lib_a-nano-mallocr.o)
 .ARM.attributes
                0x000008e4       0x2c c:/program files (x86)/atmel/studio/7.0/toolchain/arm/arm-gnu-toolchain/bin/../lib/gcc/arm-none-eabi/6.2.1/../../../../arm-none-eabi/lib/thumb/v6-m\libc_nano.a(lib_a-nano-vfprintf.o)
 .ARM.attributes
                0x00000910       0x2c c:/program files (x86)/atmel/studio/7.0/toolchain/arm/arm-gnu-toolchain/bin/../lib/gcc/arm-none-eabi/6.2.1/../../../../arm-none-eabi/lib/thumb/v6-m\libc_nano.a(lib_a-nano-vfprintf_i.o)
 .ARM.attributes
                0x0000093c       0x2c c:/program files (x86)/atmel/studio/7.0/toolchain/arm/arm-gnu-toolchain/bin/../lib/gcc/arm-none-eabi/6.2.1/../../../../arm-none-eabi/lib/thumb/v6-m\libc_nano.a(lib_a-sbrkr.o)
 .ARM.attributes
                0x00000968       0x2c c:/program files (x86)/atmel/studio/7.0/toolchain/arm/arm-gnu-toolchain/bin/../lib/gcc/arm-none-eabi/6.2.1/../../../../arm-none-eabi/lib/thumb/v6-m\libc_nano.a(lib_a-stdio.o)
 .ARM.attributes
                0x00000994       0x2c c:/program files (x86)/atmel/studio/7.0/toolchain/arm/arm-gnu-toolchain/bin/../lib/gcc/arm-none-eabi/6.2.1/../../../../arm-none-eabi/lib/thumb/v6-m\libc_nano.a(lib_a-writer.o)
 .ARM.attributes
                0x000009c0       0x2c c:/program files (x86)/atmel/studio/7.0/toolchain/arm/arm-gnu-toolchain/bin/../lib/gcc/arm-none-eabi/6.2.1/../../../../arm-none-eabi/lib/thumb/v6-m\libc_nano.a(lib_a-closer.o)
 .ARM.attributes
                0x000009ec       0x2c c:/program files (x86)/atmel/studio/7.0/toolchain/arm/arm-gnu-toolchain/bin/../lib/gcc/arm-none-eabi/6.2.1/../../../../arm-none-eabi/lib/thumb/v6-m\libc_nano.a(lib_a-fstatr.o)
 .ARM.attributes
                0x00000a18       0x2c c:/program files (x86)/atmel/studio/7.0/toolchain/arm/arm-gnu-toolchain/bin/../lib/gcc/arm-none-eabi/6.2.1/../../../../arm-none-eabi/lib/thumb/v6-m\libc_nano.a(lib_a-isattyr.o)
 .ARM.attributes
                0x00000a44       0x2c c:/program files (x86)/atmel/studio/7.0/toolchain/arm/arm-gnu-toolchain/bin/../lib/gcc/arm-none-eabi/6.2.1/../../../../arm-none-eabi/lib/thumb/v6-m\libc_nano.a(lib_a-lseekr.o)
 .ARM.attributes
                0x00000a70       0x2c c:/program files (x86)/atmel/studio/7.0/toolchain/arm/arm-gnu-toolchain/bin/../lib/gcc/arm-none-eabi/6.2.1/../../../../arm-none-eabi/lib/thumb/v6-m\libc_nano.a(lib_a-memchr-stub.o)
 .ARM.attributes
                0x00000a9c       0x2c c:/program files (x86)/atmel/studio/7.0/toolchain/arm/arm-gnu-toolchain/bin/../lib/gcc/arm-none-eabi/6.2.1/../../../../arm-none-eabi/lib/thumb/v6-m\libc_nano.a(lib_a-mlock.o)
 .ARM.attributes
                0x00000ac8       0x2c c:/program files (x86)/atmel/studio/7.0/toolchain/arm/arm-gnu-toolchain/bin/../lib/gcc/arm-none-eabi/6.2.1/../../../../arm-none-eabi/lib/thumb/v6-m\libc_nano.a(lib_a-readr.o)
 .ARM.attributes
                0x00000af4       0x2c c:/program files (x86)/atmel/studio/7.0/toolchain/arm/arm-gnu-toolchain/bin/../lib/gcc/arm-none-eabi/6.2.1/../../../../arm-none-eabi/lib/thumb/v6-m\libc_nano.a(lib_a-reent.o)
 .ARM.attributes
                0x00000b20       0x1e c:/program files (x86)/atmel/studio/7.0/toolchain/arm/arm-gnu-toolchain/bin/../lib/gcc/arm-none-eabi/6.2.1/thumb/v6-m/crtn.o

.comment        0x00000000       0x59
 .comment       0x00000000       0x59 src/ASF/sam0/drivers/sercom/sercom.o
                                 0x5a (size before relaxing)
 .comment       0x00000059       0x5a src/ASF/sam0/utils/stdio/read.o
 .comment       0x00000059       0x5a src/ASF/sam0/utils/stdio/write.o
 .comment       0x00000059       0x5a src/my_drivers.o
 .comment       0x00000059       0x5a src/ASF/sam0/drivers/sercom/usart/usart.o
 .comment       0x00000059       0x5a src/ASF/sam0/drivers/sercom/usart/usart_interrupt.o
 .comment       0x00000059       0x5a src/ASF/sam0/drivers/sercom/sercom_interrupt.o
 .comment       0x00000059       0x5a src/ASF/common/utils/interrupt/interrupt_sam_nvic.o
 .comment       0x00000059       0x5a src/ASF/sam0/boards/samr21_xplained_pro/board_init.o
 .comment       0x00000059       0x5a src/ASF/sam0/drivers/port/port.o
 .comment       0x00000059       0x5a src/ASF/sam0/drivers/system/clock/clock_samd21_r21_da_ha1/clock.o
 .comment       0x00000059       0x5a src/ASF/sam0/drivers/system/clock/clock_samd21_r21_da_ha1/gclk.o
 .comment       0x00000059       0x5a src/ASF/sam0/drivers/system/pinmux/pinmux.o
 .comment       0x00000059       0x5a src/ASF/sam0/drivers/system/system.o
 .comment       0x00000059       0x5a src/ASF/sam0/utils/cmsis/samr21/source/gcc/startup_samr21.o
 .comment       0x00000059       0x5a src/ASF/sam0/utils/syscalls/gcc/syscalls.o
 .comment       0x00000059       0x5a src/main.o

.debug_info     0x00000000    0x21f19
 .debug_info    0x00000000     0x2dc0 src/ASF/sam0/drivers/sercom/sercom.o
 .debug_info    0x00002dc0      0xac3 src/ASF/sam0/utils/stdio/read.o
 .debug_info    0x00003883      0xac0 src/ASF/sam0/utils/stdio/write.o
 .debug_info    0x00004343      0xd4c src/my_drivers.o
 .debug_info    0x0000508f     0x4a0b src/ASF/sam0/drivers/sercom/usart/usart.o
 .debug_info    0x00009a9a     0x303f src/ASF/sam0/drivers/sercom/usart/usart_interrupt.o
 .debug_info    0x0000cad9     0x2bae src/ASF/sam0/drivers/sercom/sercom_interrupt.o
 .debug_info    0x0000f687      0xafb src/ASF/common/utils/interrupt/interrupt_sam_nvic.o
 .debug_info    0x00010182     0x12a0 src/ASF/sam0/boards/samr21_xplained_pro/board_init.o
 .debug_info    0x00011422     0x12aa src/ASF/sam0/drivers/port/port.o
 .debug_info    0x000126cc     0x36f6 src/ASF/sam0/drivers/system/clock/clock_samd21_r21_da_ha1/clock.o
 .debug_info    0x00015dc2     0x1e1c src/ASF/sam0/drivers/system/clock/clock_samd21_r21_da_ha1/gclk.o
 .debug_info    0x00017bde     0x1368 src/ASF/sam0/drivers/system/pinmux/pinmux.o
 .debug_info    0x00018f46      0xa67 src/ASF/sam0/drivers/system/system.o
 .debug_info    0x000199ad     0x3a35 src/ASF/sam0/utils/cmsis/samr21/source/gcc/startup_samr21.o
 .debug_info    0x0001d3e2      0xd8c src/ASF/sam0/utils/syscalls/gcc/syscalls.o
 .debug_info    0x0001e16e     0x3dab src/main.o

.debug_abbrev   0x00000000     0x3325
 .debug_abbrev  0x00000000      0x378 src/ASF/sam0/drivers/sercom/sercom.o
 .debug_abbrev  0x00000378      0x218 src/ASF/sam0/utils/stdio/read.o
 .debug_abbrev  0x00000590      0x203 src/ASF/sam0/utils/stdio/write.o
 .debug_abbrev  0x00000793      0x26b src/my_drivers.o
 .debug_abbrev  0x000009fe      0x477 src/ASF/sam0/drivers/sercom/usart/usart.o
 .debug_abbrev  0x00000e75      0x416 src/ASF/sam0/drivers/sercom/usart/usart_interrupt.o
 .debug_abbrev  0x0000128b      0x2d8 src/ASF/sam0/drivers/sercom/sercom_interrupt.o
 .debug_abbrev  0x00001563      0x22c src/ASF/common/utils/interrupt/interrupt_sam_nvic.o
 .debug_abbrev  0x0000178f      0x2dc src/ASF/sam0/boards/samr21_xplained_pro/board_init.o
 .debug_abbrev  0x00001a6b      0x298 src/ASF/sam0/drivers/port/port.o
 .debug_abbrev  0x00001d03      0x465 src/ASF/sam0/drivers/system/clock/clock_samd21_r21_da_ha1/clock.o
 .debug_abbrev  0x00002168      0x3f1 src/ASF/sam0/drivers/system/clock/clock_samd21_r21_da_ha1/gclk.o
 .debug_abbrev  0x00002559      0x332 src/ASF/sam0/drivers/system/pinmux/pinmux.o
 .debug_abbrev  0x0000288b      0x1e1 src/ASF/sam0/drivers/system/system.o
 .debug_abbrev  0x00002a6c      0x234 src/ASF/sam0/utils/cmsis/samr21/source/gcc/startup_samr21.o
 .debug_abbrev  0x00002ca0      0x257 src/ASF/sam0/utils/syscalls/gcc/syscalls.o
 .debug_abbrev  0x00002ef7      0x42e src/main.o

.debug_loc      0x00000000     0x41ec
 .debug_loc     0x00000000      0x9d5 src/ASF/sam0/drivers/sercom/sercom.o
 .debug_loc     0x000009d5       0xca src/ASF/sam0/utils/stdio/read.o
 .debug_loc     0x00000a9f      0x130 src/ASF/sam0/utils/stdio/write.o
 .debug_loc     0x00000bcf      0x2ab src/my_drivers.o
 .debug_loc     0x00000e7a      0xe2f src/ASF/sam0/drivers/sercom/usart/usart.o
 .debug_loc     0x00001ca9      0x711 src/ASF/sam0/drivers/sercom/usart/usart_interrupt.o
 .debug_loc     0x000023ba      0x161 src/ASF/sam0/drivers/sercom/sercom_interrupt.o
 .debug_loc     0x0000251b       0x8a src/ASF/sam0/boards/samr21_xplained_pro/board_init.o
 .debug_loc     0x000025a5      0x13d src/ASF/sam0/drivers/port/port.o
 .debug_loc     0x000026e2      0xefb src/ASF/sam0/drivers/system/clock/clock_samd21_r21_da_ha1/clock.o
 .debug_loc     0x000035dd      0x504 src/ASF/sam0/drivers/system/clock/clock_samd21_r21_da_ha1/gclk.o
 .debug_loc     0x00003ae1      0x322 src/ASF/sam0/drivers/system/pinmux/pinmux.o
 .debug_loc     0x00003e03       0x20 src/ASF/sam0/drivers/system/system.o
 .debug_loc     0x00003e23       0x40 src/ASF/sam0/utils/cmsis/samr21/source/gcc/startup_samr21.o
 .debug_loc     0x00003e63       0xef src/ASF/sam0/utils/syscalls/gcc/syscalls.o
 .debug_loc     0x00003f52      0x29a src/main.o

.debug_aranges  0x00000000      0x450
 .debug_aranges
                0x00000000       0x48 src/ASF/sam0/drivers/sercom/sercom.o
 .debug_aranges
                0x00000048       0x20 src/ASF/sam0/utils/stdio/read.o
 .debug_aranges
                0x00000068       0x20 src/ASF/sam0/utils/stdio/write.o
 .debug_aranges
                0x00000088       0x38 src/my_drivers.o
 .debug_aranges
                0x000000c0       0x40 src/ASF/sam0/drivers/sercom/usart/usart.o
 .debug_aranges
                0x00000100       0x70 src/ASF/sam0/drivers/sercom/usart/usart_interrupt.o
 .debug_aranges
                0x00000170       0x60 src/ASF/sam0/drivers/sercom/sercom_interrupt.o
 .debug_aranges
                0x000001d0       0x28 src/ASF/common/utils/interrupt/interrupt_sam_nvic.o
 .debug_aranges
                0x000001f8       0x20 src/ASF/sam0/boards/samr21_xplained_pro/board_init.o
 .debug_aranges
                0x00000218       0x28 src/ASF/sam0/drivers/port/port.o
 .debug_aranges
                0x00000240       0x78 src/ASF/sam0/drivers/system/clock/clock_samd21_r21_da_ha1/clock.o
 .debug_aranges
                0x000002b8       0x80 src/ASF/sam0/drivers/system/clock/clock_samd21_r21_da_ha1/gclk.o
 .debug_aranges
                0x00000338       0x38 src/ASF/sam0/drivers/system/pinmux/pinmux.o
 .debug_aranges
                0x00000370       0x28 src/ASF/sam0/drivers/system/system.o
 .debug_aranges
                0x00000398       0x28 src/ASF/sam0/utils/cmsis/samr21/source/gcc/startup_samr21.o
 .debug_aranges
                0x000003c0       0x60 src/ASF/sam0/utils/syscalls/gcc/syscalls.o
 .debug_aranges
                0x00000420       0x30 src/main.o

.debug_ranges   0x00000000      0x480
 .debug_ranges  0x00000000       0x50 src/ASF/sam0/drivers/sercom/sercom.o
 .debug_ranges  0x00000050       0x10 src/ASF/sam0/utils/stdio/read.o
 .debug_ranges  0x00000060       0x10 src/ASF/sam0/utils/stdio/write.o
 .debug_ranges  0x00000070       0x28 src/my_drivers.o
 .debug_ranges  0x00000098      0x140 src/ASF/sam0/drivers/sercom/usart/usart.o
 .debug_ranges  0x000001d8       0x60 src/ASF/sam0/drivers/sercom/usart/usart_interrupt.o
 .debug_ranges  0x00000238       0x50 src/ASF/sam0/drivers/sercom/sercom_interrupt.o
 .debug_ranges  0x00000288       0x18 src/ASF/common/utils/interrupt/interrupt_sam_nvic.o
 .debug_ranges  0x000002a0       0x10 src/ASF/sam0/boards/samr21_xplained_pro/board_init.o
 .debug_ranges  0x000002b0       0x18 src/ASF/sam0/drivers/port/port.o
 .debug_ranges  0x000002c8       0x68 src/ASF/sam0/drivers/system/clock/clock_samd21_r21_da_ha1/clock.o
 .debug_ranges  0x00000330       0x88 src/ASF/sam0/drivers/system/clock/clock_samd21_r21_da_ha1/gclk.o
 .debug_ranges  0x000003b8       0x28 src/ASF/sam0/drivers/system/pinmux/pinmux.o
 .debug_ranges  0x000003e0       0x18 src/ASF/sam0/drivers/system/system.o
 .debug_ranges  0x000003f8       0x18 src/ASF/sam0/utils/cmsis/samr21/source/gcc/startup_samr21.o
 .debug_ranges  0x00000410       0x50 src/ASF/sam0/utils/syscalls/gcc/syscalls.o
 .debug_ranges  0x00000460       0x20 src/main.o

.debug_macro    0x00000000    0x18d46
 .debug_macro   0x00000000      0x577 src/ASF/sam0/drivers/sercom/sercom.o
 .debug_macro   0x00000577      0x8b0 src/ASF/sam0/drivers/sercom/sercom.o
 .debug_macro   0x00000e27      0x16d src/ASF/sam0/drivers/sercom/sercom.o
 .debug_macro   0x00000f94      0x64b src/ASF/sam0/drivers/sercom/sercom.o
 .debug_macro   0x000015df       0x22 src/ASF/sam0/drivers/sercom/sercom.o
 .debug_macro   0x00001601       0x87 src/ASF/sam0/drivers/sercom/sercom.o
 .debug_macro   0x00001688       0x51 src/ASF/sam0/drivers/sercom/sercom.o
 .debug_macro   0x000016d9       0xef src/ASF/sam0/drivers/sercom/sercom.o
 .debug_macro   0x000017c8       0x6a src/ASF/sam0/drivers/sercom/sercom.o
 .debug_macro   0x00001832      0x1df src/ASF/sam0/drivers/sercom/sercom.o
 .debug_macro   0x00001a11       0x10 src/ASF/sam0/drivers/sercom/sercom.o
 .debug_macro   0x00001a21       0x76 src/ASF/sam0/drivers/sercom/sercom.o
 .debug_macro   0x00001a97       0x16 src/ASF/sam0/drivers/sercom/sercom.o
 .debug_macro   0x00001aad      0x6e5 src/ASF/sam0/drivers/sercom/sercom.o
 .debug_macro   0x00002192      0xde2 src/ASF/sam0/drivers/sercom/sercom.o
 .debug_macro   0x00002f74       0x22 src/ASF/sam0/drivers/sercom/sercom.o
 .debug_macro   0x00002f96       0x40 src/ASF/sam0/drivers/sercom/sercom.o
 .debug_macro   0x00002fd6       0x3a src/ASF/sam0/drivers/sercom/sercom.o
 .debug_macro   0x00003010       0x1f src/ASF/sam0/drivers/sercom/sercom.o
 .debug_macro   0x0000302f      0x250 src/ASF/sam0/drivers/sercom/sercom.o
 .debug_macro   0x0000327f      0x682 src/ASF/sam0/drivers/sercom/sercom.o
 .debug_macro   0x00003901      0x8bf src/ASF/sam0/drivers/sercom/sercom.o
 .debug_macro   0x000041c0      0xd6a src/ASF/sam0/drivers/sercom/sercom.o
 .debug_macro   0x00004f2a      0x4ce src/ASF/sam0/drivers/sercom/sercom.o
 .debug_macro   0x000053f8      0x9f8 src/ASF/sam0/drivers/sercom/sercom.o
 .debug_macro   0x00005df0      0x82b src/ASF/sam0/drivers/sercom/sercom.o
 .debug_macro   0x0000661b      0x45f src/ASF/sam0/drivers/sercom/sercom.o
 .debug_macro   0x00006a7a       0x5e src/ASF/sam0/drivers/sercom/sercom.o
 .debug_macro   0x00006ad8      0x225 src/ASF/sam0/drivers/sercom/sercom.o
 .debug_macro   0x00006cfd      0x797 src/ASF/sam0/drivers/sercom/sercom.o
 .debug_macro   0x00007494       0x5e src/ASF/sam0/drivers/sercom/sercom.o
 .debug_macro   0x000074f2      0x60a src/ASF/sam0/drivers/sercom/sercom.o
 .debug_macro   0x00007afc      0x3b6 src/ASF/sam0/drivers/sercom/sercom.o
 .debug_macro   0x00007eb2       0x94 src/ASF/sam0/drivers/sercom/sercom.o
 .debug_macro   0x00007f46      0xc55 src/ASF/sam0/drivers/sercom/sercom.o
 .debug_macro   0x00008b9b     0x1092 src/ASF/sam0/drivers/sercom/sercom.o
 .debug_macro   0x00009c2d      0xc4a src/ASF/sam0/drivers/sercom/sercom.o
 .debug_macro   0x0000a877      0x6bf src/ASF/sam0/drivers/sercom/sercom.o
 .debug_macro   0x0000af36     0x1b4b src/ASF/sam0/drivers/sercom/sercom.o
 .debug_macro   0x0000ca81     0x144a src/ASF/sam0/drivers/sercom/sercom.o
 .debug_macro   0x0000decb      0x34e src/ASF/sam0/drivers/sercom/sercom.o
 .debug_macro   0x0000e219       0x7c src/ASF/sam0/drivers/sercom/sercom.o
 .debug_macro   0x0000e295       0xa0 src/ASF/sam0/drivers/sercom/sercom.o
 .debug_macro   0x0000e335       0xca src/ASF/sam0/drivers/sercom/sercom.o
 .debug_macro   0x0000e3ff       0x94 src/ASF/sam0/drivers/sercom/sercom.o
 .debug_macro   0x0000e493       0x58 src/ASF/sam0/drivers/sercom/sercom.o
 .debug_macro   0x0000e4eb      0x364 src/ASF/sam0/drivers/sercom/sercom.o
 .debug_macro   0x0000e84f       0x82 src/ASF/sam0/drivers/sercom/sercom.o
 .debug_macro   0x0000e8d1      0x197 src/ASF/sam0/drivers/sercom/sercom.o
 .debug_macro   0x0000ea68       0xa0 src/ASF/sam0/drivers/sercom/sercom.o
 .debug_macro   0x0000eb08       0xb2 src/ASF/sam0/drivers/sercom/sercom.o
 .debug_macro   0x0000ebba       0x1c src/ASF/sam0/drivers/sercom/sercom.o
 .debug_macro   0x0000ebd6       0x1c src/ASF/sam0/drivers/sercom/sercom.o
 .debug_macro   0x0000ebf2       0x1c src/ASF/sam0/drivers/sercom/sercom.o
 .debug_macro   0x0000ec0e       0x7c src/ASF/sam0/drivers/sercom/sercom.o
 .debug_macro   0x0000ec8a      0x1c6 src/ASF/sam0/drivers/sercom/sercom.o
 .debug_macro   0x0000ee50       0x16 src/ASF/sam0/drivers/sercom/sercom.o
 .debug_macro   0x0000ee66       0xdc src/ASF/sam0/drivers/sercom/sercom.o
 .debug_macro   0x0000ef42      0x12f src/ASF/sam0/drivers/sercom/sercom.o
 .debug_macro   0x0000f071      0x12f src/ASF/sam0/drivers/sercom/sercom.o
 .debug_macro   0x0000f1a0      0x12f src/ASF/sam0/drivers/sercom/sercom.o
 .debug_macro   0x0000f2cf      0x12f src/ASF/sam0/drivers/sercom/sercom.o
 .debug_macro   0x0000f3fe      0x12f src/ASF/sam0/drivers/sercom/sercom.o
 .debug_macro   0x0000f52d      0x12f src/ASF/sam0/drivers/sercom/sercom.o
 .debug_macro   0x0000f65c      0x11e src/ASF/sam0/drivers/sercom/sercom.o
 .debug_macro   0x0000f77a       0xe2 src/ASF/sam0/drivers/sercom/sercom.o
 .debug_macro   0x0000f85c       0xe2 src/ASF/sam0/drivers/sercom/sercom.o
 .debug_macro   0x0000f93e       0xe2 src/ASF/sam0/drivers/sercom/sercom.o
 .debug_macro   0x0000fa20      0x12c src/ASF/sam0/drivers/sercom/sercom.o
 .debug_macro   0x0000fb4c      0x100 src/ASF/sam0/drivers/sercom/sercom.o
 .debug_macro   0x0000fc4c       0xf4 src/ASF/sam0/drivers/sercom/sercom.o
 .debug_macro   0x0000fd40      0x40f src/ASF/sam0/drivers/sercom/sercom.o
 .debug_macro   0x0001014f       0x40 src/ASF/sam0/drivers/sercom/sercom.o
 .debug_macro   0x0001018f      0x345 src/ASF/sam0/drivers/sercom/sercom.o
 .debug_macro   0x000104d4     0x174b src/ASF/sam0/drivers/sercom/sercom.o
 .debug_macro   0x00011c1f       0x74 src/ASF/sam0/drivers/sercom/sercom.o
 .debug_macro   0x00011c93       0x52 src/ASF/sam0/drivers/sercom/sercom.o
 .debug_macro   0x00011ce5       0x35 src/ASF/sam0/drivers/sercom/sercom.o
 .debug_macro   0x00011d1a       0x9c src/ASF/sam0/drivers/sercom/sercom.o
 .debug_macro   0x00011db6       0x16 src/ASF/sam0/drivers/sercom/sercom.o
 .debug_macro   0x00011dcc       0x35 src/ASF/sam0/drivers/sercom/sercom.o
 .debug_macro   0x00011e01      0x330 src/ASF/sam0/drivers/sercom/sercom.o
 .debug_macro   0x00012131       0x10 src/ASF/sam0/drivers/sercom/sercom.o
 .debug_macro   0x00012141       0x52 src/ASF/sam0/drivers/sercom/sercom.o
 .debug_macro   0x00012193       0x1f src/ASF/sam0/drivers/sercom/sercom.o
 .debug_macro   0x000121b2       0x43 src/ASF/sam0/drivers/sercom/sercom.o
 .debug_macro   0x000121f5       0x20 src/ASF/sam0/drivers/sercom/sercom.o
 .debug_macro   0x00012215      0x187 src/ASF/sam0/drivers/sercom/sercom.o
 .debug_macro   0x0001239c       0x10 src/ASF/sam0/drivers/sercom/sercom.o
 .debug_macro   0x000123ac       0x1c src/ASF/sam0/drivers/sercom/sercom.o
 .debug_macro   0x000123c8       0x52 src/ASF/sam0/drivers/sercom/sercom.o
 .debug_macro   0x0001241a       0x40 src/ASF/sam0/drivers/sercom/sercom.o
 .debug_macro   0x0001245a       0x10 src/ASF/sam0/drivers/sercom/sercom.o
 .debug_macro   0x0001246a       0x40 src/ASF/sam0/drivers/sercom/sercom.o
 .debug_macro   0x000124aa       0xd7 src/ASF/sam0/drivers/sercom/sercom.o
 .debug_macro   0x00012581       0x16 src/ASF/sam0/drivers/sercom/sercom.o
 .debug_macro   0x00012597      0x18b src/ASF/sam0/drivers/sercom/sercom.o
 .debug_macro   0x00012722       0x16 src/ASF/sam0/drivers/sercom/sercom.o
 .debug_macro   0x00012738       0x16 src/ASF/sam0/drivers/sercom/sercom.o
 .debug_macro   0x0001274e       0x29 src/ASF/sam0/drivers/sercom/sercom.o
 .debug_macro   0x00012777       0x51 src/ASF/sam0/drivers/sercom/sercom.o
 .debug_macro   0x000127c8       0x3f src/ASF/sam0/drivers/sercom/sercom.o
 .debug_macro   0x00012807      0x3df src/ASF/sam0/drivers/sercom/sercom.o
 .debug_macro   0x00012be6       0x11 src/ASF/sam0/drivers/sercom/sercom.o
 .debug_macro   0x00012bf7       0x11 src/ASF/sam0/drivers/sercom/sercom.o
 .debug_macro   0x00012c08       0x16 src/ASF/sam0/drivers/sercom/sercom.o
 .debug_macro   0x00012c1e       0x2e src/ASF/sam0/drivers/sercom/sercom.o
 .debug_macro   0x00012c4c       0xa0 src/ASF/sam0/drivers/sercom/sercom.o
 .debug_macro   0x00012cec       0x10 src/ASF/sam0/drivers/sercom/sercom.o
 .debug_macro   0x00012cfc      0x4ea src/ASF/sam0/utils/stdio/read.o
 .debug_macro   0x000131e6      0x4ea src/ASF/sam0/utils/stdio/write.o
 .debug_macro   0x000136d0      0x5f0 src/my_drivers.o
 .debug_macro   0x00013cc0      0x2c6 src/my_drivers.o
 .debug_macro   0x00013f86      0x69f src/my_drivers.o
 .debug_macro   0x00014625       0x19 src/my_drivers.o
 .debug_macro   0x0001463e       0x57 src/my_drivers.o
 .debug_macro   0x00014695       0x10 src/my_drivers.o
 .debug_macro   0x000146a5      0x588 src/ASF/sam0/drivers/sercom/usart/usart.o
 .debug_macro   0x00014c2d       0x51 src/ASF/sam0/drivers/sercom/usart/usart.o
 .debug_macro   0x00014c7e      0x588 src/ASF/sam0/drivers/sercom/usart/usart_interrupt.o
 .debug_macro   0x00015206      0x574 src/ASF/sam0/drivers/sercom/sercom_interrupt.o
 .debug_macro   0x0001577a      0x4ea src/ASF/common/utils/interrupt/interrupt_sam_nvic.o
 .debug_macro   0x00015c64      0x526 src/ASF/sam0/boards/samr21_xplained_pro/board_init.o
 .debug_macro   0x0001618a      0x504 src/ASF/sam0/drivers/port/port.o
 .debug_macro   0x0001668e      0x55b src/ASF/sam0/drivers/system/clock/clock_samd21_r21_da_ha1/clock.o
 .debug_macro   0x00016be9      0x29d src/ASF/sam0/drivers/system/clock/clock_samd21_r21_da_ha1/clock.o
 .debug_macro   0x00016e86      0x520 src/ASF/sam0/drivers/system/clock/clock_samd21_r21_da_ha1/gclk.o
 .debug_macro   0x000173a6      0x4fc src/ASF/sam0/drivers/system/pinmux/pinmux.o
 .debug_macro   0x000178a2      0x52d src/ASF/sam0/drivers/system/system.o
 .debug_macro   0x00017dcf      0x2d1 src/ASF/sam0/utils/cmsis/samr21/source/gcc/startup_samr21.o
 .debug_macro   0x000180a0       0x3a src/ASF/sam0/utils/cmsis/samr21/source/gcc/startup_samr21.o
 .debug_macro   0x000180da      0x1d6 src/ASF/sam0/utils/syscalls/gcc/syscalls.o
 .debug_macro   0x000182b0       0x4c src/ASF/sam0/utils/syscalls/gcc/syscalls.o
 .debug_macro   0x000182fc       0x8d src/ASF/sam0/utils/syscalls/gcc/syscalls.o
 .debug_macro   0x00018389       0x57 src/ASF/sam0/utils/syscalls/gcc/syscalls.o
 .debug_macro   0x000183e0       0x97 src/ASF/sam0/utils/syscalls/gcc/syscalls.o
 .debug_macro   0x00018477       0xf6 src/ASF/sam0/utils/syscalls/gcc/syscalls.o
 .debug_macro   0x0001856d       0x4c src/ASF/sam0/utils/syscalls/gcc/syscalls.o
 .debug_macro   0x000185b9       0x16 src/ASF/sam0/utils/syscalls/gcc/syscalls.o
 .debug_macro   0x000185cf       0x10 src/ASF/sam0/utils/syscalls/gcc/syscalls.o
 .debug_macro   0x000185df       0x10 src/ASF/sam0/utils/syscalls/gcc/syscalls.o
 .debug_macro   0x000185ef       0x35 src/ASF/sam0/utils/syscalls/gcc/syscalls.o
 .debug_macro   0x00018624      0x122 src/ASF/sam0/utils/syscalls/gcc/syscalls.o
 .debug_macro   0x00018746      0x5ea src/main.o
 .debug_macro   0x00018d30       0x16 src/main.o

.debug_line     0x00000000     0xacfa
 .debug_line    0x00000000      0xbc0 src/ASF/sam0/drivers/sercom/sercom.o
 .debug_line    0x00000bc0      0x897 src/ASF/sam0/utils/stdio/read.o
 .debug_line    0x00001457      0x88b src/ASF/sam0/utils/stdio/write.o
 .debug_line    0x00001ce2      0xccc src/my_drivers.o
 .debug_line    0x000029ae      0xd2a src/ASF/sam0/drivers/sercom/usart/usart.o
 .debug_line    0x000036d8      0xcb8 src/ASF/sam0/drivers/sercom/usart/usart_interrupt.o
 .debug_line    0x00004390      0xb63 src/ASF/sam0/drivers/sercom/sercom_interrupt.o
 .debug_line    0x00004ef3      0x8ba src/ASF/common/utils/interrupt/interrupt_sam_nvic.o
 .debug_line    0x000057ad      0x961 src/ASF/sam0/boards/samr21_xplained_pro/board_init.o
 .debug_line    0x0000610e      0x8e6 src/ASF/sam0/drivers/port/port.o
 .debug_line    0x000069f4      0xc3b src/ASF/sam0/drivers/system/clock/clock_samd21_r21_da_ha1/clock.o
 .debug_line    0x0000762f      0xc62 src/ASF/sam0/drivers/system/clock/clock_samd21_r21_da_ha1/gclk.o
 .debug_line    0x00008291      0x916 src/ASF/sam0/drivers/system/pinmux/pinmux.o
 .debug_line    0x00008ba7      0x9dd src/ASF/sam0/drivers/system/system.o
 .debug_line    0x00009584      0x638 src/ASF/sam0/utils/cmsis/samr21/source/gcc/startup_samr21.o
 .debug_line    0x00009bbc      0x40a src/ASF/sam0/utils/syscalls/gcc/syscalls.o
 .debug_line    0x00009fc6      0xd34 src/main.o

.debug_str      0x00000000    0x8307b
 .debug_str     0x00000000    0x7a6b8 src/ASF/sam0/drivers/sercom/sercom.o
                              0x7aba8 (size before relaxing)
 .debug_str     0x0007a6b8       0x3d src/ASF/sam0/utils/stdio/read.o
                              0x794a6 (size before relaxing)
 .debug_str     0x0007a6f5       0x2c src/ASF/sam0/utils/stdio/write.o
                              0x794a7 (size before relaxing)
 .debug_str     0x0007a721     0x2cc1 src/my_drivers.o
                              0x7c8f9 (size before relaxing)
 .debug_str     0x0007d3e2      0xf44 src/ASF/sam0/drivers/sercom/usart/usart.o
                              0x7b955 (size before relaxing)
 .debug_str     0x0007e326      0x216 src/ASF/sam0/drivers/sercom/usart/usart_interrupt.o
                              0x7abcb (size before relaxing)
 .debug_str     0x0007e53c      0x4d8 src/ASF/sam0/drivers/sercom/sercom_interrupt.o
                              0x7a9d3 (size before relaxing)
 .debug_str     0x0007ea14       0x66 src/ASF/common/utils/interrupt/interrupt_sam_nvic.o
                              0x794ff (size before relaxing)
 .debug_str     0x0007ea7a      0x301 src/ASF/sam0/boards/samr21_xplained_pro/board_init.o
                              0x7c1e4 (size before relaxing)
 .debug_str     0x0007ed7b       0x5e src/ASF/sam0/drivers/port/port.o
                              0x7991a (size before relaxing)
 .debug_str     0x0007edd9     0x2797 src/ASF/sam0/drivers/system/clock/clock_samd21_r21_da_ha1/clock.o
                              0x7c63b (size before relaxing)
 .debug_str     0x00081570      0x1fa src/ASF/sam0/drivers/system/clock/clock_samd21_r21_da_ha1/gclk.o
                              0x7a192 (size before relaxing)
 .debug_str     0x0008176a       0xf4 src/ASF/sam0/drivers/system/pinmux/pinmux.o
                              0x798f6 (size before relaxing)
 .debug_str     0x0008185e       0x47 src/ASF/sam0/drivers/system/system.o
                              0x795b6 (size before relaxing)
 .debug_str     0x000818a5      0xf2b src/ASF/sam0/utils/cmsis/samr21/source/gcc/startup_samr21.o
                              0x65669 (size before relaxing)
 .debug_str     0x000827d0      0x76b src/ASF/sam0/utils/syscalls/gcc/syscalls.o
                               0x7204 (size before relaxing)
 .debug_str     0x00082f3b      0x140 src/main.o
                              0x7e391 (size before relaxing)

.debug_frame    0x00000000     0x13d4
 .debug_frame   0x00000000       0xbc src/ASF/sam0/drivers/sercom/sercom.o
 .debug_frame   0x000000bc       0x34 src/ASF/sam0/utils/stdio/read.o
 .debug_frame   0x000000f0       0x34 src/ASF/sam0/utils/stdio/write.o
 .debug_frame   0x00000124       0x88 src/my_drivers.o
 .debug_frame   0x000001ac       0xac src/ASF/sam0/drivers/sercom/usart/usart.o
 .debug_frame   0x00000258      0x110 src/ASF/sam0/drivers/sercom/usart/usart_interrupt.o
 .debug_frame   0x00000368       0xe8 src/ASF/sam0/drivers/sercom/sercom_interrupt.o
 .debug_frame   0x00000450       0x30 src/ASF/common/utils/interrupt/interrupt_sam_nvic.o
 .debug_frame   0x00000480       0x30 src/ASF/sam0/boards/samr21_xplained_pro/board_init.o
 .debug_frame   0x000004b0       0x44 src/ASF/sam0/drivers/port/port.o
 .debug_frame   0x000004f4      0x14c src/ASF/sam0/drivers/system/clock/clock_samd21_r21_da_ha1/clock.o
 .debug_frame   0x00000640      0x148 src/ASF/sam0/drivers/system/clock/clock_samd21_r21_da_ha1/gclk.o
 .debug_frame   0x00000788       0x74 src/ASF/sam0/drivers/system/pinmux/pinmux.o
 .debug_frame   0x000007fc       0x38 src/ASF/sam0/drivers/system/system.o
 .debug_frame   0x00000834       0x40 src/ASF/sam0/utils/cmsis/samr21/source/gcc/startup_samr21.o
 .debug_frame   0x00000874       0xa0 src/ASF/sam0/utils/syscalls/gcc/syscalls.o
 .debug_frame   0x00000914       0x6c src/main.o
 .debug_frame   0x00000980       0x20 c:/program files (x86)/atmel/studio/7.0/toolchain/arm/arm-gnu-toolchain/bin/../lib/gcc/arm-none-eabi/6.2.1/thumb/v6-m\libgcc.a(_udivsi3.o)
 .debug_frame   0x000009a0       0x34 c:/program files (x86)/atmel/studio/7.0/toolchain/arm/arm-gnu-toolchain/bin/../lib/gcc/arm-none-eabi/6.2.1/thumb/v6-m\libgcc.a(_muldi3.o)
 .debug_frame   0x000009d4       0x28 c:/program files (x86)/atmel/studio/7.0/toolchain/arm/arm-gnu-toolchain/bin/../lib/gcc/arm-none-eabi/6.2.1/thumb/v6-m\libgcc.a(_fixunssfsi.o)
 .debug_frame   0x000009fc       0x2c c:/program files (x86)/atmel/studio/7.0/toolchain/arm/arm-gnu-toolchain/bin/../lib/gcc/arm-none-eabi/6.2.1/thumb/v6-m\libgcc.a(eqsf2.o)
 .debug_frame   0x00000a28       0x30 c:/program files (x86)/atmel/studio/7.0/toolchain/arm/arm-gnu-toolchain/bin/../lib/gcc/arm-none-eabi/6.2.1/thumb/v6-m\libgcc.a(gesf2.o)
 .debug_frame   0x00000a58       0x30 c:/program files (x86)/atmel/studio/7.0/toolchain/arm/arm-gnu-toolchain/bin/../lib/gcc/arm-none-eabi/6.2.1/thumb/v6-m\libgcc.a(lesf2.o)
 .debug_frame   0x00000a88       0x3c c:/program files (x86)/atmel/studio/7.0/toolchain/arm/arm-gnu-toolchain/bin/../lib/gcc/arm-none-eabi/6.2.1/thumb/v6-m\libgcc.a(mulsf3.o)
 .debug_frame   0x00000ac4       0x38 c:/program files (x86)/atmel/studio/7.0/toolchain/arm/arm-gnu-toolchain/bin/../lib/gcc/arm-none-eabi/6.2.1/thumb/v6-m\libgcc.a(subsf3.o)
 .debug_frame   0x00000afc       0x20 c:/program files (x86)/atmel/studio/7.0/toolchain/arm/arm-gnu-toolchain/bin/../lib/gcc/arm-none-eabi/6.2.1/thumb/v6-m\libgcc.a(fixsfsi.o)
 .debug_frame   0x00000b1c       0x3c c:/program files (x86)/atmel/studio/7.0/toolchain/arm/arm-gnu-toolchain/bin/../lib/gcc/arm-none-eabi/6.2.1/thumb/v6-m\libgcc.a(divdf3.o)
 .debug_frame   0x00000b58       0x3c c:/program files (x86)/atmel/studio/7.0/toolchain/arm/arm-gnu-toolchain/bin/../lib/gcc/arm-none-eabi/6.2.1/thumb/v6-m\libgcc.a(muldf3.o)
 .debug_frame   0x00000b94       0x2c c:/program files (x86)/atmel/studio/7.0/toolchain/arm/arm-gnu-toolchain/bin/../lib/gcc/arm-none-eabi/6.2.1/thumb/v6-m\libgcc.a(floatsidf.o)
 .debug_frame   0x00000bc0       0x30 c:/program files (x86)/atmel/studio/7.0/toolchain/arm/arm-gnu-toolchain/bin/../lib/gcc/arm-none-eabi/6.2.1/thumb/v6-m\libgcc.a(truncdfsf2.o)
 .debug_frame   0x00000bf0       0x2c c:/program files (x86)/atmel/studio/7.0/toolchain/arm/arm-gnu-toolchain/bin/../lib/gcc/arm-none-eabi/6.2.1/../../../../arm-none-eabi/lib/thumb/v6-m\libc_nano.a(lib_a-init.o)
 .debug_frame   0x00000c1c       0x20 c:/program files (x86)/atmel/studio/7.0/toolchain/arm/arm-gnu-toolchain/bin/../lib/gcc/arm-none-eabi/6.2.1/../../../../arm-none-eabi/lib/thumb/v6-m\libc_nano.a(lib_a-memset.o)
 .debug_frame   0x00000c3c       0x50 c:/program files (x86)/atmel/studio/7.0/toolchain/arm/arm-gnu-toolchain/bin/../lib/gcc/arm-none-eabi/6.2.1/../../../../arm-none-eabi/lib/thumb/v6-m\libc_nano.a(lib_a-printf.o)
 .debug_frame   0x00000c8c       0x44 c:/program files (x86)/atmel/studio/7.0/toolchain/arm/arm-gnu-toolchain/bin/../lib/gcc/arm-none-eabi/6.2.1/../../../../arm-none-eabi/lib/thumb/v6-m\libc_nano.a(lib_a-puts.o)
 .debug_frame   0x00000cd0       0x28 c:/program files (x86)/atmel/studio/7.0/toolchain/arm/arm-gnu-toolchain/bin/../lib/gcc/arm-none-eabi/6.2.1/../../../../arm-none-eabi/lib/thumb/v6-m\libc_nano.a(lib_a-setbuf.o)
 .debug_frame   0x00000cf8       0x30 c:/program files (x86)/atmel/studio/7.0/toolchain/arm/arm-gnu-toolchain/bin/../lib/gcc/arm-none-eabi/6.2.1/../../../../arm-none-eabi/lib/thumb/v6-m\libc_nano.a(lib_a-setvbuf.o)
 .debug_frame   0x00000d28       0x48 c:/program files (x86)/atmel/studio/7.0/toolchain/arm/arm-gnu-toolchain/bin/../lib/gcc/arm-none-eabi/6.2.1/../../../../arm-none-eabi/lib/thumb/v6-m\libc_nano.a(lib_a-wbuf.o)
 .debug_frame   0x00000d70       0x2c c:/program files (x86)/atmel/studio/7.0/toolchain/arm/arm-gnu-toolchain/bin/../lib/gcc/arm-none-eabi/6.2.1/../../../../arm-none-eabi/lib/thumb/v6-m\libc_nano.a(lib_a-wsetup.o)
 .debug_frame   0x00000d9c       0x68 c:/program files (x86)/atmel/studio/7.0/toolchain/arm/arm-gnu-toolchain/bin/../lib/gcc/arm-none-eabi/6.2.1/../../../../arm-none-eabi/lib/thumb/v6-m\libc_nano.a(lib_a-fflush.o)
 .debug_frame   0x00000e04      0x140 c:/program files (x86)/atmel/studio/7.0/toolchain/arm/arm-gnu-toolchain/bin/../lib/gcc/arm-none-eabi/6.2.1/../../../../arm-none-eabi/lib/thumb/v6-m\libc_nano.a(lib_a-findfp.o)
 .debug_frame   0x00000f44       0x58 c:/program files (x86)/atmel/studio/7.0/toolchain/arm/arm-gnu-toolchain/bin/../lib/gcc/arm-none-eabi/6.2.1/../../../../arm-none-eabi/lib/thumb/v6-m\libc_nano.a(lib_a-fwalk.o)
 .debug_frame   0x00000f9c       0x54 c:/program files (x86)/atmel/studio/7.0/toolchain/arm/arm-gnu-toolchain/bin/../lib/gcc/arm-none-eabi/6.2.1/../../../../arm-none-eabi/lib/thumb/v6-m\libc_nano.a(lib_a-makebuf.o)
 .debug_frame   0x00000ff0       0x40 c:/program files (x86)/atmel/studio/7.0/toolchain/arm/arm-gnu-toolchain/bin/../lib/gcc/arm-none-eabi/6.2.1/../../../../arm-none-eabi/lib/thumb/v6-m\libc_nano.a(lib_a-malloc.o)
 .debug_frame   0x00001030       0x2c c:/program files (x86)/atmel/studio/7.0/toolchain/arm/arm-gnu-toolchain/bin/../lib/gcc/arm-none-eabi/6.2.1/../../../../arm-none-eabi/lib/thumb/v6-m\libc_nano.a(lib_a-nano-freer.o)
 .debug_frame   0x0000105c       0x2c c:/program files (x86)/atmel/studio/7.0/toolchain/arm/arm-gnu-toolchain/bin/../lib/gcc/arm-none-eabi/6.2.1/../../../../arm-none-eabi/lib/thumb/v6-m\libc_nano.a(lib_a-nano-mallocr.o)
 .debug_frame   0x00001088       0x9c c:/program files (x86)/atmel/studio/7.0/toolchain/arm/arm-gnu-toolchain/bin/../lib/gcc/arm-none-eabi/6.2.1/../../../../arm-none-eabi/lib/thumb/v6-m\libc_nano.a(lib_a-nano-vfprintf.o)
 .debug_frame   0x00001124       0x54 c:/program files (x86)/atmel/studio/7.0/toolchain/arm/arm-gnu-toolchain/bin/../lib/gcc/arm-none-eabi/6.2.1/../../../../arm-none-eabi/lib/thumb/v6-m\libc_nano.a(lib_a-nano-vfprintf_i.o)
 .debug_frame   0x00001178       0x2c c:/program files (x86)/atmel/studio/7.0/toolchain/arm/arm-gnu-toolchain/bin/../lib/gcc/arm-none-eabi/6.2.1/../../../../arm-none-eabi/lib/thumb/v6-m\libc_nano.a(lib_a-sbrkr.o)
 .debug_frame   0x000011a4       0x90 c:/program files (x86)/atmel/studio/7.0/toolchain/arm/arm-gnu-toolchain/bin/../lib/gcc/arm-none-eabi/6.2.1/../../../../arm-none-eabi/lib/thumb/v6-m\libc_nano.a(lib_a-stdio.o)
 .debug_frame   0x00001234       0x2c c:/program files (x86)/atmel/studio/7.0/toolchain/arm/arm-gnu-toolchain/bin/../lib/gcc/arm-none-eabi/6.2.1/../../../../arm-none-eabi/lib/thumb/v6-m\libc_nano.a(lib_a-writer.o)
 .debug_frame   0x00001260       0x2c c:/program files (x86)/atmel/studio/7.0/toolchain/arm/arm-gnu-toolchain/bin/../lib/gcc/arm-none-eabi/6.2.1/../../../../arm-none-eabi/lib/thumb/v6-m\libc_nano.a(lib_a-closer.o)
 .debug_frame   0x0000128c       0x2c c:/program files (x86)/atmel/studio/7.0/toolchain/arm/arm-gnu-toolchain/bin/../lib/gcc/arm-none-eabi/6.2.1/../../../../arm-none-eabi/lib/thumb/v6-m\libc_nano.a(lib_a-fstatr.o)
 .debug_frame   0x000012b8       0x2c c:/program files (x86)/atmel/studio/7.0/toolchain/arm/arm-gnu-toolchain/bin/../lib/gcc/arm-none-eabi/6.2.1/../../../../arm-none-eabi/lib/thumb/v6-m\libc_nano.a(lib_a-isattyr.o)
 .debug_frame   0x000012e4       0x2c c:/program files (x86)/atmel/studio/7.0/toolchain/arm/arm-gnu-toolchain/bin/../lib/gcc/arm-none-eabi/6.2.1/../../../../arm-none-eabi/lib/thumb/v6-m\libc_nano.a(lib_a-lseekr.o)
 .debug_frame   0x00001310       0x20 c:/program files (x86)/atmel/studio/7.0/toolchain/arm/arm-gnu-toolchain/bin/../lib/gcc/arm-none-eabi/6.2.1/../../../../arm-none-eabi/lib/thumb/v6-m\libc_nano.a(lib_a-memchr-stub.o)
 .debug_frame   0x00001330       0x30 c:/program files (x86)/atmel/studio/7.0/toolchain/arm/arm-gnu-toolchain/bin/../lib/gcc/arm-none-eabi/6.2.1/../../../../arm-none-eabi/lib/thumb/v6-m\libc_nano.a(lib_a-mlock.o)
 .debug_frame   0x00001360       0x2c c:/program files (x86)/atmel/studio/7.0/toolchain/arm/arm-gnu-toolchain/bin/../lib/gcc/arm-none-eabi/6.2.1/../../../../arm-none-eabi/lib/thumb/v6-m\libc_nano.a(lib_a-readr.o)
 .debug_frame   0x0000138c       0x48 c:/program files (x86)/atmel/studio/7.0/toolchain/arm/arm-gnu-toolchain/bin/../lib/gcc/arm-none-eabi/6.2.1/../../../../arm-none-eabi/lib/thumb/v6-m\libc_nano.a(lib_a-reent.o)

Cross Reference Table

Symbol                                            File
AC_Handler                                        src/ASF/sam0/utils/cmsis/samr21/source/gcc/startup_samr21.o
ADC_Handler                                       src/ASF/sam0/utils/cmsis/samr21/source/gcc/startup_samr21.o
DMAC_Handler                                      src/ASF/sam0/utils/cmsis/samr21/source/gcc/startup_samr21.o
Dummy_Handler                                     src/ASF/sam0/utils/cmsis/samr21/source/gcc/startup_samr21.o
EIC_Handler                                       src/ASF/sam0/utils/cmsis/samr21/source/gcc/startup_samr21.o
EVSYS_Handler                                     src/ASF/sam0/utils/cmsis/samr21/source/gcc/startup_samr21.o
HardFault_Handler                                 src/ASF/sam0/utils/cmsis/samr21/source/gcc/startup_samr21.o
NMI_Handler                                       src/ASF/sam0/utils/cmsis/samr21/source/gcc/startup_samr21.o
NVMCTRL_Handler                                   src/ASF/sam0/utils/cmsis/samr21/source/gcc/startup_samr21.o
PM_Handler                                        src/ASF/sam0/utils/cmsis/samr21/source/gcc/startup_samr21.o
PTC_Handler                                       src/ASF/sam0/utils/cmsis/samr21/source/gcc/startup_samr21.o
PendSV_Handler                                    src/ASF/sam0/utils/cmsis/samr21/source/gcc/startup_samr21.o
RTC_Handler                                       src/ASF/sam0/utils/cmsis/samr21/source/gcc/startup_samr21.o
Reset_Handler                                     src/ASF/sam0/utils/cmsis/samr21/source/gcc/startup_samr21.o
SERCOM0_Handler                                   src/ASF/sam0/drivers/sercom/sercom_interrupt.o
SERCOM1_Handler                                   src/ASF/sam0/drivers/sercom/sercom_interrupt.o
SERCOM2_Handler                                   src/ASF/sam0/drivers/sercom/sercom_interrupt.o
SERCOM3_Handler                                   src/ASF/sam0/drivers/sercom/sercom_interrupt.o
SERCOM4_Handler                                   src/ASF/sam0/drivers/sercom/sercom_interrupt.o
SERCOM5_Handler                                   src/ASF/sam0/drivers/sercom/sercom_interrupt.o
SVC_Handler                                       src/ASF/sam0/utils/cmsis/samr21/source/gcc/startup_samr21.o
SYSCTRL_Handler                                   src/ASF/sam0/utils/cmsis/samr21/source/gcc/startup_samr21.o
SysTick_Handler                                   src/ASF/sam0/utils/cmsis/samr21/source/gcc/startup_samr21.o
SystemCoreClock                                   src/ASF/sam0/utils/cmsis/samr21/source/system_samr21.o
SystemCoreClockUpdate                             src/ASF/sam0/utils/cmsis/samr21/source/system_samr21.o
SystemInit                                        src/ASF/sam0/utils/cmsis/samr21/source/system_samr21.o
TC3_Handler                                       src/ASF/sam0/utils/cmsis/samr21/source/gcc/startup_samr21.o
TC4_Handler                                       src/ASF/sam0/utils/cmsis/samr21/source/gcc/startup_samr21.o
TC5_Handler                                       src/ASF/sam0/utils/cmsis/samr21/source/gcc/startup_samr21.o
TCC0_Handler                                      src/ASF/sam0/utils/cmsis/samr21/source/gcc/startup_samr21.o
TCC1_Handler                                      src/ASF/sam0/utils/cmsis/samr21/source/gcc/startup_samr21.o
TCC2_Handler                                      src/ASF/sam0/utils/cmsis/samr21/source/gcc/startup_samr21.o
USB_Handler                                       src/ASF/sam0/utils/cmsis/samr21/source/gcc/startup_samr21.o
WDT_Handler                                       src/ASF/sam0/utils/cmsis/samr21/source/gcc/startup_samr21.o
_Jv_RegisterClasses                               c:/program files (x86)/atmel/studio/7.0/toolchain/arm/arm-gnu-toolchain/bin/../lib/gcc/arm-none-eabi/6.2.1/thumb/v6-m/crtbegin.o
__aeabi_cfcmpeq                                   c:/program files (x86)/atmel/studio/7.0/toolchain/arm/arm-gnu-toolchain/bin/../lib/gcc/arm-none-eabi/6.2.1/thumb/v6-m\libgcc.a(_arm_cmpsf2.o)
__aeabi_cfcmple                                   c:/program files (x86)/atmel/studio/7.0/toolchain/arm/arm-gnu-toolchain/bin/../lib/gcc/arm-none-eabi/6.2.1/thumb/v6-m\libgcc.a(_arm_cmpsf2.o)
__aeabi_cfrcmple                                  c:/program files (x86)/atmel/studio/7.0/toolchain/arm/arm-gnu-toolchain/bin/../lib/gcc/arm-none-eabi/6.2.1/thumb/v6-m\libgcc.a(_arm_cmpsf2.o)
__aeabi_d2f                                       c:/program files (x86)/atmel/studio/7.0/toolchain/arm/arm-gnu-toolchain/bin/../lib/gcc/arm-none-eabi/6.2.1/thumb/v6-m\libgcc.a(truncdfsf2.o)
                                                  src/my_drivers.o
__aeabi_ddiv                                      c:/program files (x86)/atmel/studio/7.0/toolchain/arm/arm-gnu-toolchain/bin/../lib/gcc/arm-none-eabi/6.2.1/thumb/v6-m\libgcc.a(divdf3.o)
                                                  src/my_drivers.o
__aeabi_dmul                                      c:/program files (x86)/atmel/studio/7.0/toolchain/arm/arm-gnu-toolchain/bin/../lib/gcc/arm-none-eabi/6.2.1/thumb/v6-m\libgcc.a(muldf3.o)
                                                  src/my_drivers.o
__aeabi_f2iz                                      c:/program files (x86)/atmel/studio/7.0/toolchain/arm/arm-gnu-toolchain/bin/../lib/gcc/arm-none-eabi/6.2.1/thumb/v6-m\libgcc.a(fixsfsi.o)
                                                  c:/program files (x86)/atmel/studio/7.0/toolchain/arm/arm-gnu-toolchain/bin/../lib/gcc/arm-none-eabi/6.2.1/thumb/v6-m\libgcc.a(_fixunssfsi.o)
__aeabi_f2uiz                                     c:/program files (x86)/atmel/studio/7.0/toolchain/arm/arm-gnu-toolchain/bin/../lib/gcc/arm-none-eabi/6.2.1/thumb/v6-m\libgcc.a(_fixunssfsi.o)
                                                  src/my_drivers.o
__aeabi_fadd                                      c:/program files (x86)/atmel/studio/7.0/toolchain/arm/arm-gnu-toolchain/bin/../lib/gcc/arm-none-eabi/6.2.1/thumb/v6-m\libgcc.a(addsf3.o)
                                                  src/my_drivers.o
__aeabi_fcmpeq                                    c:/program files (x86)/atmel/studio/7.0/toolchain/arm/arm-gnu-toolchain/bin/../lib/gcc/arm-none-eabi/6.2.1/thumb/v6-m\libgcc.a(_arm_cmpsf2.o)
__aeabi_fcmpge                                    c:/program files (x86)/atmel/studio/7.0/toolchain/arm/arm-gnu-toolchain/bin/../lib/gcc/arm-none-eabi/6.2.1/thumb/v6-m\libgcc.a(_arm_cmpsf2.o)
                                                  c:/program files (x86)/atmel/studio/7.0/toolchain/arm/arm-gnu-toolchain/bin/../lib/gcc/arm-none-eabi/6.2.1/thumb/v6-m\libgcc.a(_fixunssfsi.o)
__aeabi_fcmpgt                                    c:/program files (x86)/atmel/studio/7.0/toolchain/arm/arm-gnu-toolchain/bin/../lib/gcc/arm-none-eabi/6.2.1/thumb/v6-m\libgcc.a(_arm_cmpsf2.o)
                                                  src/my_drivers.o
__aeabi_fcmple                                    c:/program files (x86)/atmel/studio/7.0/toolchain/arm/arm-gnu-toolchain/bin/../lib/gcc/arm-none-eabi/6.2.1/thumb/v6-m\libgcc.a(_arm_cmpsf2.o)
__aeabi_fcmplt                                    c:/program files (x86)/atmel/studio/7.0/toolchain/arm/arm-gnu-toolchain/bin/../lib/gcc/arm-none-eabi/6.2.1/thumb/v6-m\libgcc.a(_arm_cmpsf2.o)
__aeabi_fdiv                                      c:/program files (x86)/atmel/studio/7.0/toolchain/arm/arm-gnu-toolchain/bin/../lib/gcc/arm-none-eabi/6.2.1/thumb/v6-m\libgcc.a(divsf3.o)
                                                  src/my_drivers.o
__aeabi_fmul                                      c:/program files (x86)/atmel/studio/7.0/toolchain/arm/arm-gnu-toolchain/bin/../lib/gcc/arm-none-eabi/6.2.1/thumb/v6-m\libgcc.a(mulsf3.o)
                                                  src/my_drivers.o
__aeabi_fsub                                      c:/program files (x86)/atmel/studio/7.0/toolchain/arm/arm-gnu-toolchain/bin/../lib/gcc/arm-none-eabi/6.2.1/thumb/v6-m\libgcc.a(subsf3.o)
                                                  c:/program files (x86)/atmel/studio/7.0/toolchain/arm/arm-gnu-toolchain/bin/../lib/gcc/arm-none-eabi/6.2.1/thumb/v6-m\libgcc.a(_fixunssfsi.o)